Archive member included to satisfy reference by file (symbol)

/opt/st/stm32cubeide_1.5.0/plugins/com.st.stm32cube.ide.mcu.externaltools.gnu-tools-for-stm32.7-2018-q2-update.linux64_1.5.0.202011040924/tools/bin/../lib/gcc/arm-none-eabi/7.3.1/../../../../arm-none-eabi/lib/thumb/v7e-m/fpv4-sp/hard/libstdc++_nano.a(pure.o)
                              Core/Eval/Expression.o (__cxa_pure_virtual)
/opt/st/stm32cubeide_1.5.0/plugins/com.st.stm32cube.ide.mcu.externaltools.gnu-tools-for-stm32.7-2018-q2-update.linux64_1.5.0.202011040924/tools/bin/../lib/gcc/arm-none-eabi/7.3.1/../../../../arm-none-eabi/lib/thumb/v7e-m/fpv4-sp/hard/libstdc++_nano.a(del_ops.o)
                              Core/Eval/Expression.o (operator delete(void*, unsigned int))
/opt/st/stm32cubeide_1.5.0/plugins/com.st.stm32cube.ide.mcu.externaltools.gnu-tools-for-stm32.7-2018-q2-update.linux64_1.5.0.202011040924/tools/bin/../lib/gcc/arm-none-eabi/7.3.1/../../../../arm-none-eabi/lib/thumb/v7e-m/fpv4-sp/hard/libstdc++_nano.a(new_op.o)
                              Core/Eval/Expression.o (operator new(unsigned int))
/opt/st/stm32cubeide_1.5.0/plugins/com.st.stm32cube.ide.mcu.externaltools.gnu-tools-for-stm32.7-2018-q2-update.linux64_1.5.0.202011040924/tools/bin/../lib/gcc/arm-none-eabi/7.3.1/../../../../arm-none-eabi/lib/thumb/v7e-m/fpv4-sp/hard/libstdc++_nano.a(guard.o)
                              Core/RNG/Prng.o (__cxa_guard_acquire)
/opt/st/stm32cubeide_1.5.0/plugins/com.st.stm32cube.ide.mcu.externaltools.gnu-tools-for-stm32.7-2018-q2-update.linux64_1.5.0.202011040924/tools/bin/../lib/gcc/arm-none-eabi/7.3.1/../../../../arm-none-eabi/lib/thumb/v7e-m/fpv4-sp/hard/libstdc++_nano.a(new_handler.o)
                              /opt/st/stm32cubeide_1.5.0/plugins/com.st.stm32cube.ide.mcu.externaltools.gnu-tools-for-stm32.7-2018-q2-update.linux64_1.5.0.202011040924/tools/bin/../lib/gcc/arm-none-eabi/7.3.1/../../../../arm-none-eabi/lib/thumb/v7e-m/fpv4-sp/hard/libstdc++_nano.a(new_op.o) (std::get_new_handler())
/opt/st/stm32cubeide_1.5.0/plugins/com.st.stm32cube.ide.mcu.externaltools.gnu-tools-for-stm32.7-2018-q2-update.linux64_1.5.0.202011040924/tools/bin/../lib/gcc/arm-none-eabi/7.3.1/../../../../arm-none-eabi/lib/thumb/v7e-m/fpv4-sp/hard/libstdc++_nano.a(del_op.o)
                              Core/Eval/Expression.o (operator delete(void*))
/opt/st/stm32cubeide_1.5.0/plugins/com.st.stm32cube.ide.mcu.externaltools.gnu-tools-for-stm32.7-2018-q2-update.linux64_1.5.0.202011040924/tools/bin/../lib/gcc/arm-none-eabi/7.3.1/../../../../arm-none-eabi/lib/thumb/v7e-m/fpv4-sp/hard/libstdc++_nano.a(eh_terminate.o)
                              /opt/st/stm32cubeide_1.5.0/plugins/com.st.stm32cube.ide.mcu.externaltools.gnu-tools-for-stm32.7-2018-q2-update.linux64_1.5.0.202011040924/tools/bin/../lib/gcc/arm-none-eabi/7.3.1/../../../../arm-none-eabi/lib/thumb/v7e-m/fpv4-sp/hard/libstdc++_nano.a(pure.o) (std::terminate())
/opt/st/stm32cubeide_1.5.0/plugins/com.st.stm32cube.ide.mcu.externaltools.gnu-tools-for-stm32.7-2018-q2-update.linux64_1.5.0.202011040924/tools/bin/../lib/gcc/arm-none-eabi/7.3.1/../../../../arm-none-eabi/lib/thumb/v7e-m/fpv4-sp/hard/libstdc++_nano.a(allocator-inst.o)
                              Core/Display/Gui.o (std::allocator<char>::allocator())
/opt/st/stm32cubeide_1.5.0/plugins/com.st.stm32cube.ide.mcu.externaltools.gnu-tools-for-stm32.7-2018-q2-update.linux64_1.5.0.202011040924/tools/bin/../lib/gcc/arm-none-eabi/7.3.1/../../../../arm-none-eabi/lib/thumb/v7e-m/fpv4-sp/hard/libstdc++_nano.a(functexcept.o)
                              Core/Eval/Expression.o (std::__throw_bad_alloc())
/opt/st/stm32cubeide_1.5.0/plugins/com.st.stm32cube.ide.mcu.externaltools.gnu-tools-for-stm32.7-2018-q2-update.linux64_1.5.0.202011040924/tools/bin/../lib/gcc/arm-none-eabi/7.3.1/../../../../arm-none-eabi/lib/thumb/v7e-m/fpv4-sp/hard/libstdc++_nano.a(string-inst.o)
                              Core/Symbol/Symbol.o (std::__cxx11::basic_string<char, std::char_traits<char>, std::allocator<char> >::_M_data(char*))
/opt/st/stm32cubeide_1.5.0/plugins/com.st.stm32cube.ide.mcu.externaltools.gnu-tools-for-stm32.7-2018-q2-update.linux64_1.5.0.202011040924/tools/bin/../lib/gcc/arm-none-eabi/7.3.1/../../../../arm-none-eabi/lib/thumb/v7e-m/fpv4-sp/hard/libstdc++_nano.a(eh_unex_handler.o)
                              /opt/st/stm32cubeide_1.5.0/plugins/com.st.stm32cube.ide.mcu.externaltools.gnu-tools-for-stm32.7-2018-q2-update.linux64_1.5.0.202011040924/tools/bin/../lib/gcc/arm-none-eabi/7.3.1/../../../../arm-none-eabi/lib/thumb/v7e-m/fpv4-sp/hard/libstdc++_nano.a(eh_terminate.o) (__cxxabiv1::__unexpected_handler)
/opt/st/stm32cubeide_1.5.0/plugins/com.st.stm32cube.ide.mcu.externaltools.gnu-tools-for-stm32.7-2018-q2-update.linux64_1.5.0.202011040924/tools/bin/../lib/gcc/arm-none-eabi/7.3.1/../../../../arm-none-eabi/lib/thumb/v7e-m/fpv4-sp/hard/libstdc++_nano.a(eh_term_handler.o)
[...]
Memory Configuration

Name             Origin             Length             Attributes
RAM              0x0000000020000000 0x0000000000020000 xrw
FLASH            0x0000000008000000 0x0000000000080000 xr
*default*        0x0000000000000000 0xffffffffffffffff

Linker script and memory map

LOAD /opt/st/stm32cubeide_1.5.0/plugins/com.st.stm32cube.ide.mcu.externaltools.gnu-tools-for-stm32.7-2018-q2-update.linux64_1.5.0.202011040924/tools/bin/../lib/gcc/arm-none-eabi/7.3.1/thumb/v7e-m/fpv4-sp/hard/crti.o
LOAD /opt/st/stm32cubeide_1.5.0/plugins/com.st.stm32cube.ide.mcu.externaltools.gnu-tools-for-stm32.7-2018-q2-update.linux64_1.5.0.202011040924/tools/bin/../lib/gcc/arm-none-eabi/7.3.1/thumb/v7e-m/fpv4-sp/hard/crtbegin.o
LOAD /opt/st/stm32cubeide_1.5.0/plugins/com.st.stm32cube.ide.mcu.externaltools.gnu-tools-for-stm32.7-2018-q2-update.linux64_1.5.0.202011040924/tools/bin/../lib/gcc/arm-none-eabi/7.3.1/../../../../arm-none-eabi/lib/thumb/v7e-m/fpv4-sp/hard/crt0.o
LOAD Core/Device/Console.o
LOAD Core/Device/Device.o
LOAD Core/Device/Gpio.o
LOAD Core/Device/Spi.o
LOAD Core/Display/EPD.o
LOAD Core/Display/Gui.o
LOAD Core/Display/Image.o
LOAD Core/Display/font12.o
LOAD Core/Display/font16.o
LOAD Core/Display/font20.o
LOAD Core/Display/font24.o
LOAD Core/Display/font8.o
LOAD Core/Eval/Expression.o
LOAD Core/Eval/Number.o
LOAD Core/Eval/Roll.o
LOAD Core/Keyboard/Keyboard.o
LOAD Core/RNG/Aes.o
LOAD Core/RNG/Entropy.o
LOAD Core/RNG/Prng.o
LOAD Core/RNG/SHA256.o
LOAD Core/Src/main.o
LOAD Core/Src/stm32f4xx_hal_msp.o
LOAD Core/Src/stm32f4xx_it.o
LOAD Core/Src/syscalls.o
LOAD Core/Src/sysmem.o
LOAD Core/Src/system_stm32f4xx.o
LOAD Core/Startup/startup_stm32f446retx.o
LOAD Core/Symbol/ExpressionDisplay.o
LOAD Core/Symbol/LineEntry.o
LOAD Core/Symbol/Symbol.o
LOAD Drivers/STM32F4xx_HAL_Driver/Src/stm32f4xx_hal.o
LOAD Drivers/STM32F4xx_HAL_Driver/Src/stm32f4xx_hal_cortex.o
LOAD Drivers/STM32F4xx_HAL_Driver/Src/stm32f4xx_hal_dma.o
LOAD Drivers/STM32F4xx_HAL_Driver/Src/stm32f4xx_hal_dma_ex.o
LOAD Drivers/STM32F4xx_HAL_Driver/Src/stm32f4xx_hal_exti.o
LOAD Drivers/STM32F4xx_HAL_Driver/Src/stm32f4xx_hal_flash.o
LOAD Drivers/STM32F4xx_HAL_Driver/Src/stm32f4xx_hal_flash_ex.o
LOAD Drivers/STM32F4xx_HAL_Driver/Src/stm32f4xx_hal_flash_ramfunc.o
LOAD Drivers/STM32F4xx_HAL_Driver/Src/stm32f4xx_hal_gpio.o
LOAD Drivers/STM32F4xx_HAL_Driver/Src/stm32f4xx_hal_pwr.o
LOAD Drivers/STM32F4xx_HAL_Driver/Src/stm32f4xx_hal_pwr_ex.o
LOAD Drivers/STM32F4xx_HAL_Driver/Src/stm32f4xx_hal_rcc.o
LOAD Drivers/STM32F4xx_HAL_Driver/Src/stm32f4xx_hal_rcc_ex.o
LOAD Drivers/STM32F4xx_HAL_Driver/Src/stm32f4xx_hal_spi.o
LOAD Drivers/STM32F4xx_HAL_Driver/Src/stm32f4xx_hal_tim.o
LOAD Drivers/STM32F4xx_HAL_Driver/Src/stm32f4xx_hal_tim_ex.o
LOAD Drivers/STM32F4xx_HAL_Driver/Src/stm32f4xx_hal_uart.o
START GROUP
LOAD /opt/st/stm32cubeide_1.5.0/plugins/com.st.stm32cube.ide.mcu.externaltools.gnu-tools-for-stm32.7-2018-q2-update.linux64_1.5.0.202011040924/tools/bin/../lib/gcc/arm-none-eabi/7.3.1/../../../../arm-none-eabi/lib/thumb/v7e-m/fpv4-sp/hard/libstdc++_nano.a
LOAD /opt/st/stm32cubeide_1.5.0/plugins/com.st.stm32cube.ide.mcu.externaltools.gnu-tools-for-stm32.7-2018-q2-update.linux64_1.5.0.202011040924/tools/bin/../lib/gcc/arm-none-eabi/7.3.1/../../../../arm-none-eabi/lib/thumb/v7e-m/fpv4-sp/hard/libsupc++_nano.a
END GROUP
LOAD /opt/st/stm32cubeide_1.5.0/plugins/com.st.stm32cube.ide.mcu.externaltools.gnu-tools-for-stm32.7-2018-q2-update.linux64_1.5.0.202011040924/tools/bin/../lib/gcc/arm-none-eabi/7.3.1/../../../../arm-none-eabi/lib/thumb/v7e-m/fpv4-sp/hard/libstdc++_nano.a
LOAD /opt/st/stm32cubeide_1.5.0/plugins/com.st.stm32cube.ide.mcu.externaltools.gnu-tools-for-stm32.7-2018-q2-update.linux64_1.5.0.202011040924/tools/bin/../lib/gcc/arm-none-eabi/7.3.1/../../../../arm-none-eabi/lib/thumb/v7e-m/fpv4-sp/hard/libm.a
LOAD /opt/st/stm32cubeide_1.5.0/plugins/com.st.stm32cube.ide.mcu.externaltools.gnu-tools-for-stm32.7-2018-q2-update.linux64_1.5.0.202011040924/tools/bin/../lib/gcc/arm-none-eabi/7.3.1/../../../../arm-none-eabi/lib/thumb/v7e-m/fpv4-sp/hard/libc_nano.a
START GROUP
LOAD /opt/st/stm32cubeide_1.5.0/plugins/com.st.stm32cube.ide.mcu.externaltools.gnu-tools-for-stm32.7-2018-q2-update.linux64_1.5.0.202011040924/tools/bin/../lib/gcc/arm-none-eabi/7.3.1/thumb/v7e-m/fpv4-sp/hard/libgcc.a
LOAD /opt/st/stm32cubeide_1.5.0/plugins/com.st.stm32cube.ide.mcu.externaltools.gnu-tools-for-stm32.7-2018-q2-update.linux64_1.5.0.202011040924/tools/bin/../lib/gcc/arm-none-eabi/7.3.1/../../../../arm-none-eabi/lib/thumb/v7e-m/fpv4-sp/hard/libc_nano.a
END GROUP
START GROUP
LOAD /opt/st/stm32cubeide_1.5.0/plugins/com.st.stm32cube.ide.mcu.externaltools.gnu-tools-for-stm32.7-2018-q2-update.linux64_1.5.0.202011040924/tools/bin/../lib/gcc/arm-none-eabi/7.3.1/thumb/v7e-m/fpv4-sp/hard/libgcc.a
LOAD /opt/st/stm32cubeide_1.5.0/plugins/com.st.stm32cube.ide.mcu.externaltools.gnu-tools-for-stm32.7-2018-q2-update.linux64_1.5.0.202011040924/tools/bin/../lib/gcc/arm-none-eabi/7.3.1/../../../../arm-none-eabi/lib/thumb/v7e-m/fpv4-sp/hard/libc_nano.a
LOAD /opt/st/stm32cubeide_1.5.0/plugins/com.st.stm32cube.ide.mcu.externaltools.gnu-tools-for-stm32.7-2018-q2-update.linux64_1.5.0.202011040924/tools/bin/../lib/gcc/arm-none-eabi/7.3.1/../../../../arm-none-eabi/lib/thumb/v7e-m/fpv4-sp/hard/libnosys.a
END GROUP
START GROUP
LOAD /opt/st/stm32cubeide_1.5.0/plugins/com.st.stm32cube.ide.mcu.externaltools.gnu-tools-for-stm32.7-2018-q2-update.linux64_1.5.0.202011040924/tools/bin/../lib/gcc/arm-none-eabi/7.3.1/thumb/v7e-m/fpv4-sp/hard/libgcc.a
LOAD /opt/st/stm32cubeide_1.5.0/plugins/com.st.stm32cube.ide.mcu.externaltools.gnu-tools-for-stm32.7-2018-q2-update.linux64_1.5.0.202011040924/tools/bin/../lib/gcc/arm-none-eabi/7.3.1/../../../../arm-none-eabi/lib/thumb/v7e-m/fpv4-sp/hard/libc_nano.a
LOAD /opt/st/stm32cubeide_1.5.0/plugins/com.st.stm32cube.ide.mcu.externaltools.gnu-tools-for-stm32.7-2018-q2-update.linux64_1.5.0.202011040924/tools/bin/../lib/gcc/arm-none-eabi/7.3.1/../../../../arm-none-eabi/lib/thumb/v7e-m/fpv4-sp/hard/libnosys.a
END GROUP
LOAD /opt/st/stm32cubeide_1.5.0/plugins/com.st.stm32cube.ide.mcu.externaltools.gnu-tools-for-stm32.7-2018-q2-update.linux64_1.5.0.202011040924/tools/bin/../lib/gcc/arm-none-eabi/7.3.1/thumb/v7e-m/fpv4-sp/hard/crtend.o
LOAD /opt/st/stm32cubeide_1.5.0/plugins/com.st.stm32cube.ide.mcu.externaltools.gnu-tools-for-stm32.7-2018-q2-update.linux64_1.5.0.202011040924/tools/bin/../lib/gcc/arm-none-eabi/7.3.1/thumb/v7e-m/fpv4-sp/hard/crtn.o
                0x0000000020020000                _estack = (ORIGIN (RAM) + LENGTH (RAM))
                0x0000000000000200                _Min_Heap_Size = 0x200
                0x0000000000000400                _Min_Stack_Size = 0x400

.isr_vector     0x0000000008000000      0x1c4
                0x0000000008000000                . = ALIGN (0x4)
 *(.isr_vector)
 .isr_vector    0x0000000008000000      0x1c4 Core/Startup/startup_stm32f446retx.o
                0x0000000008000000                g_pfnVectors
                0x00000000080001c4                . = ALIGN (0x4)

.text           0x00000000080001d0     0xb96c
                0x00000000080001d0                . = ALIGN (0x4)
 *(.text)
 .text          0x00000000080001d0       0x40 /opt/st/stm32cubeide_1.5.0/plugins/com.st.stm32cube.ide.mcu.externaltools.gnu-tools-for-stm32.7-2018-q2-update.linux64_1.5.0.202011040924/tools/bin/../lib/gcc/arm-none-eabi/7.3.1/thumb/v7e-m/fpv4-sp/hard/crtbegin.o
 .text          0x0000000008000210       0xa0 /opt/st/stm32cubeide_1.5.0/plugins/com.st.stm32cube.ide.mcu.externaltools.gnu-tools-for-stm32.7-2018-q2-update.linux64_1.5.0.202011040924/tools/bin/../lib/gcc/arm-none-eabi/7.3.1/../../../../arm-none-eabi/lib/thumb/v7e-m/fpv4-sp/hard/libc_nano.a(lib_a-memchr.o)
                0x0000000008000210                memchr
 .text          0x00000000080002b0       0x10 /opt/st/stm32cubeide_1.5.0/plugins/com.st.stm32cube.ide.mcu.externaltools.gnu-tools-for-stm32.7-2018-q2-update.linux64_1.5.0.202011040924/tools/bin/../lib/gcc/arm-none-eabi/7.3.1/../../../../arm-none-eabi/lib/thumb/v7e-m/fpv4-sp/hard/libc_nano.a(lib_a-strlen.o)
                0x00000000080002b0                strlen
 .text          0x00000000080002c0       0xa0 /opt/st/stm32cubeide_1.5.0/plugins/com.st.stm32cube.ide.mcu.externaltools.gnu-tools-for-stm32.7-2018-q2-update.linux64_1.5.0.202011040924/tools/bin/../lib/gcc/arm-none-eabi/7.3.1/thumb/v7e-m/fpv4-sp/hard/libgcc.a(_aeabi_ldivmod.o)
                0x00000000080002c0                __aeabi_ldivmod
 .text          0x0000000008000360       0x30 /opt/st/stm32cubeide_1.5.0/plugins/com.st.stm32cube.ide.mcu.externaltools.gnu-tools-for-stm32.7-2018-q2-update.linux64_1.5.0.202011040924/tools/bin/../lib/gcc/arm-none-eabi/7.3.1/thumb/v7e-m/fpv4-sp/hard/libgcc.a(_aeabi_uldivmod.o)
                0x0000000008000360                __aeabi_uldivmod
 .text          0x0000000008000390      0x2cc /opt/st/stm32cubeide_1.5.0/plugins/com.st.stm32cube.ide.mcu.externaltools.gnu-tools-for-stm32.7-2018-q2-update.linux64_1.5.0.202011040924/tools/bin/../lib/gcc/arm-none-eabi/7.3.1/thumb/v7e-m/fpv4-sp/hard/libgcc.a(_udivmoddi4.o)
                0x0000000008000390                __udivmoddi4
 .text          0x000000000800065c        0x4 /opt/st/stm32cubeide_1.5.0/plugins/com.st.stm32cube.ide.mcu.externaltools.gnu-tools-for-stm32.7-2018-q2-update.linux64_1.5.0.202011040924/tools/bin/../lib/gcc/arm-none-eabi/7.3.1/thumb/v7e-m/fpv4-sp/hard/libgcc.a(_dvmd_tls.o)
                0x000000000800065c                __aeabi_ldiv0
                0x000000000800065c                __aeabi_idiv0
 *(.text*)
 .text._ZN7ConsoleC2Ev
                0x0000000008000660       0x4c Core/Device/Console.o
                0x0000000008000660                Console::Console()
                0x0000000008000660                Console::Console()
 .text._ZN7Console4openEP13USART_TypeDef
                0x00000000080006ac       0x48 Core/Device/Console.o
                0x00000000080006ac                Console::open(USART_TypeDef*)
 .text.DEV_Init
                0x00000000080006f4       0x14 Core/Device/Device.o
                0x00000000080006f4                DEV_Init
 .text.SystemClock_Config
                0x0000000008000708       0xdc Core/Device/Device.o
 .text.MX_GPIO_Init
                0x00000000080007e4       0xa4 Core/Device/Device.o
 .text._ZN4Gpio6enableE8GpioMode
                0x0000000008000888       0x5c Core/Device/Gpio.o
                0x0000000008000888                Gpio::enable(GpioMode)
 .text._ZN4Gpio9set_stateEi
                0x00000000080008e4       0x56 Core/Device/Gpio.o
                0x00000000080008e4                Gpio::set_state(int)
 .text._ZN4Gpio9get_stateEv
                0x000000000800093a       0x42 Core/Device/Gpio.o
                0x000000000800093a                Gpio::get_state()
 .text._ZN3SpiC2Ev
                0x000000000800097c       0x6e Core/Device/Spi.o
                0x000000000800097c                Spi::Spi()
                0x000000000800097c                Spi::Spi()
 *fill*         0x00000000080009ea        0x2 
 .text._ZN3Spi4openEP11SPI_TypeDef
                0x00000000080009ec       0x48 Core/Device/Spi.o
                0x00000000080009ec                Spi::open(SPI_TypeDef*)
 .text._ZN3Spi10write_byteEh
                0x0000000008000a34       0x22 Core/Device/Spi.o
                0x0000000008000a34                Spi::write_byte(unsigned char)
 *fill*         0x0000000008000a56        0x2 
 .text._ZN4GpioC2Ev
                0x0000000008000a58       0x2c Core/Display/EPD.o
                0x0000000008000a58                Gpio::Gpio()
                0x0000000008000a58                Gpio::Gpio()
 .text._ZN4GpioC2EP12GPIO_TypeDeft
                0x0000000008000a84       0x2e Core/Display/EPD.o
                0x0000000008000a84                Gpio::Gpio(GPIO_TypeDef*, unsigned short)
                0x0000000008000a84                Gpio::Gpio(GPIO_TypeDef*, unsigned short)
 *fill*         0x0000000008000ab2        0x2 
 .text._ZN6EpaperC2Ev
                0x0000000008000ab4       0xf0 Core/Display/EPD.o
                0x0000000008000ab4                Epaper::Epaper()
                0x0000000008000ab4                Epaper::Epaper()
 .text._ZN6Epaper4openEv
                0x0000000008000ba4       0x54 Core/Display/EPD.o
                0x0000000008000ba4                Epaper::open()
 .text._ZN6Epaper5resetEv
                0x0000000008000bf8       0x40 Core/Display/EPD.o
                0x0000000008000bf8                Epaper::reset()
 .text._ZN6Epaper8send_cmdEh
                0x0000000008000c38       0x46 Core/Display/EPD.o
                0x0000000008000c38                Epaper::send_cmd(unsigned char)
 .text._ZN6Epaper9send_dataEh
                0x0000000008000c7e       0x46 Core/Display/EPD.o
                0x0000000008000c7e                Epaper::send_data(unsigned char)
 .text._ZN6Epaper15wait_until_idleEv
                0x0000000008000cc4       0x32 Core/Display/EPD.o
                0x0000000008000cc4                Epaper::wait_until_idle()
 .text._ZN6Epaper15turn_on_displayEv
                0x0000000008000cf6       0x2e Core/Display/EPD.o
                0x0000000008000cf6                Epaper::turn_on_display()
 .text._ZN6Epaper20turn_on_display_partEv
                0x0000000008000d24       0x2e Core/Display/EPD.o
                0x0000000008000d24                Epaper::turn_on_display_part()
 *fill*         0x0000000008000d52        0x2 
 .text._ZN6Epaper4initE10UpdateMode
                0x0000000008000d54      0x258 Core/Display/EPD.o
                0x0000000008000d54                Epaper::init(UpdateMode)
 .text._ZN6Epaper12display_baseER5Image
                0x0000000008000fac       0xce Core/Display/EPD.o
                0x0000000008000fac                Epaper::display_base(Image&)
 .text._ZN6Epaper12display_partER5Image
                0x000000000800107a       0x7a Core/Display/EPD.o
                0x000000000800107a                Epaper::display_part(Image&)
 .text._ZN6Epaper5sleepEv
                0x00000000080010f4       0x14 Core/Display/EPD.o
                0x00000000080010f4                Epaper::sleep()
 .text._ZN9LineEntry9is_resultEv
                0x0000000008001108       0x18 Core/Display/Gui.o
                0x0000000008001108                LineEntry::is_result()
 .text._ZN17ExpressionDisplay9num_linesEv
                0x0000000008001120       0x1a Core/Display/Gui.o
                0x0000000008001120                ExpressionDisplay::num_lines()
 .text._ZN17ExpressionDisplay4lineEt
                0x000000000800113a       0x24 Core/Display/Gui.o
                0x000000000800113a                ExpressionDisplay::line(unsigned short)
 .text._ZN3GuiC2Ev
                0x000000000800115e       0xe6 Core/Display/Gui.o
                0x000000000800115e                Gui::Gui()
                0x000000000800115e                Gui::Gui()
 .text._ZN3Gui4openEv
                0x0000000008001244       0x3a Core/Display/Gui.o
                0x0000000008001244                Gui::open()
 *fill*         0x000000000800127e        0x2 
 .text._ZN3Gui6updateER17ExpressionDisplay
                0x0000000008001280      0x180 Core/Display/Gui.o
                0x0000000008001280                Gui::update(ExpressionDisplay&)
 .text._ZN3Gui8result_xEv
                0x0000000008001400       0x24 Core/Display/Gui.o
                0x0000000008001400                Gui::result_x()
 .text._ZN3Gui15draw_status_barEv
                0x0000000008001424       0xf8 Core/Display/Gui.o
                0x0000000008001424                Gui::draw_status_bar()
 .text._ZN3Gui18draw_result_borderEv
                0x000000000800151c       0x40 Core/Display/Gui.o
                0x000000000800151c                Gui::draw_result_border()
 .text._ZNKSt6vectorIP9LineEntrySaIS1_EE4sizeEv
                0x000000000800155c       0x22 Core/Display/Gui.o
                0x000000000800155c                std::vector<LineEntry*, std::allocator<LineEntry*> >::size() const
 .text._ZNSt6vectorIP9LineEntrySaIS1_EEixEj
                0x000000000800157e       0x20 Core/Display/Gui.o
                0x000000000800157e                std::vector<LineEntry*, std::allocator<LineEntry*> >::operator[](unsigned int)
 .text._ZN5ImageC2Ev
                0x000000000800159e       0x70 Core/Display/Image.o
                0x000000000800159e                Image::Image()
                0x000000000800159e                Image::Image()
 .text._ZN5ImageC2Etttt
                0x000000000800160e       0x54 Core/Display/Image.o
                0x000000000800160e                Image::Image(unsigned short, unsigned short, unsigned short, unsigned short)
                0x000000000800160e                Image::Image(unsigned short, unsigned short, unsigned short, unsigned short)
 .text._ZN5Image8set_sizeEtt
                0x0000000008001662       0xd2 Core/Display/Image.o
                0x0000000008001662                Image::set_size(unsigned short, unsigned short)
 .text._ZN5Image12set_rotationEt
                0x0000000008001734       0x3a Core/Display/Image.o
                0x0000000008001734                Image::set_rotation(unsigned short)
 .text._ZN5Image13set_mirroringEh
                0x000000000800176e       0x38 Core/Display/Image.o
                0x000000000800176e                Image::set_mirroring(unsigned char)
 .text._ZN5Image9set_colorEt
                0x00000000080017a6       0x32 Core/Display/Image.o
                0x00000000080017a6                Image::set_color(unsigned short)
 .text._ZN5Image9set_scaleEh
                0x00000000080017d8       0x2c Core/Display/Image.o
                0x00000000080017d8                Image::set_scale(unsigned char)
 .text._ZN5Image9set_pixelEttt
                0x0000000008001804      0x268 Core/Display/Image.o
                0x0000000008001804                Image::set_pixel(unsigned short, unsigned short, unsigned short)
 .text._ZN5Image5clearEt
                0x0000000008001a6c      0x102 Core/Display/Image.o
                0x0000000008001a6c                Image::clear(unsigned short)
 .text._ZN5Image10draw_pointEttt9PointSize10PointStyle
                0x0000000008001b6e      0x134 Core/Display/Image.o
                0x0000000008001b6e                Image::draw_point(unsigned short, unsigned short, unsigned short, PointSize, PointStyle)
 *fill*         0x0000000008001ca2        0x2 
 .text._ZN5Image9draw_lineEttttt9PointSize9LineStyle
                0x0000000008001ca4      0x16c Core/Display/Image.o
                0x0000000008001ca4                Image::draw_line(unsigned short, unsigned short, unsigned short, unsigned short, unsigned short, PointSize, LineStyle)
 .text._ZN5Image9draw_rectEttttt9PointSize9FillStyle
                0x0000000008001e10      0x110 Core/Display/Image.o
                0x0000000008001e10                Image::draw_rect(unsigned short, unsigned short, unsigned short, unsigned short, unsigned short, PointSize, FillStyle)
 .text._ZN5Image9draw_charEttcP6_tFonttt
                0x0000000008001f20      0x148 Core/Display/Image.o
                0x0000000008001f20                Image::draw_char(unsigned short, unsigned short, char, _tFont*, unsigned short, unsigned short)
 .text._ZN5Image11draw_stringEttPKcP6_tFonttt
                0x0000000008002068       0xaa Core/Display/Image.o
                0x0000000008002068                Image::draw_string(unsigned short, unsigned short, char const*, _tFont*, unsigned short, unsigned short)
 .text._ZN5Image9get_imageEv
                0x0000000008002112       0x16 Core/Display/Image.o
                0x0000000008002112                Image::get_image()
 .text._ZnwjPv  0x0000000008002128       0x18 Core/Eval/Expression.o
                0x0000000008002128                operator new(unsigned int, void*)
 .text._ZN5TokenD2Ev
                0x0000000008002140       0x20 Core/Eval/Expression.o
                0x0000000008002140                Token::~Token()
                0x0000000008002140                Token::~Token()
 .text._ZN5TokenD0Ev
                0x0000000008002160       0x20 Core/Eval/Expression.o
                0x0000000008002160                Token::~Token()
 .text._ZN5TokenC2Ev
                0x0000000008002180       0x20 Core/Eval/Expression.o
                0x0000000008002180                Token::Token()
                0x0000000008002180                Token::Token()
 .text._ZN8OperatorD2Ev
                0x00000000080021a0       0x24 Core/Eval/Expression.o
                0x00000000080021a0                Operator::~Operator()
                0x00000000080021a0                Operator::~Operator()
 .text._ZN8OperatorD0Ev
                0x00000000080021c4       0x20 Core/Eval/Expression.o
                0x00000000080021c4                Operator::~Operator()
 .text._ZN8OperatorC2E17OperatorTokenTypei
                0x00000000080021e4       0x38 Core/Eval/Expression.o
                0x00000000080021e4                Operator::Operator(OperatorTokenType, int)
                0x00000000080021e4                Operator::Operator(OperatorTokenType, int)
 .text._ZN8Operator8get_typeEv
                0x000000000800221c       0x16 Core/Eval/Expression.o
                0x000000000800221c                Operator::get_type()
 .text._ZN8Operator7op_typeEv
                0x0000000008002232       0x18 Core/Eval/Expression.o
                0x0000000008002232                Operator::op_type()
 .text._ZN8Operator5orderEv
                0x000000000800224a       0x18 Core/Eval/Expression.o
                0x000000000800224a                Operator::order()
 *fill*         0x0000000008002262        0x2 
 .text._ZN3AddC2Ev
                0x0000000008002264       0x28 Core/Eval/Expression.o
                0x0000000008002264                Add::Add()
                0x0000000008002264                Add::Add()
 .text._ZN3Add4evalEii
                0x000000000800228c       0x1e Core/Eval/Expression.o
                0x000000000800228c                Add::eval(int, int)
 *fill*         0x00000000080022aa        0x2 
 .text._ZN3SubC2Ev
                0x00000000080022ac       0x28 Core/Eval/Expression.o
                0x00000000080022ac                Sub::Sub()
                0x00000000080022ac                Sub::Sub()
 .text._ZN3Sub4evalEii
                0x00000000080022d4       0x1e Core/Eval/Expression.o
                0x00000000080022d4                Sub::eval(int, int)
 *fill*         0x00000000080022f2        0x2 
 .text._ZN4MultC2Ev
                0x00000000080022f4       0x28 Core/Eval/Expression.o
                0x00000000080022f4                Mult::Mult()
                0x00000000080022f4                Mult::Mult()
 .text._ZN4Mult4evalEii
                0x000000000800231c       0x20 Core/Eval/Expression.o
                0x000000000800231c                Mult::eval(int, int)
 .text._ZN3DivC2Ev
                0x000000000800233c       0x28 Core/Eval/Expression.o
                0x000000000800233c                Div::Div()
                0x000000000800233c                Div::Div()
 .text._ZN3Div4evalEii
                0x0000000008002364       0x20 Core/Eval/Expression.o
                0x0000000008002364                Div::eval(int, int)
 .text._ZN7LiteralD2Ev
                0x0000000008002384       0x24 Core/Eval/Expression.o
                0x0000000008002384                Literal::~Literal()
                0x0000000008002384                Literal::~Literal()
 .text._ZN7LiteralD0Ev
                0x00000000080023a8       0x20 Core/Eval/Expression.o
                0x00000000080023a8                Literal::~Literal()
 .text._ZN7LiteralC2Ev
                0x00000000080023c8       0x24 Core/Eval/Expression.o
                0x00000000080023c8                Literal::Literal()
                0x00000000080023c8                Literal::Literal()
 .text._ZN4RollC2Eii
                0x00000000080023ec       0x34 Core/Eval/Expression.o
                0x00000000080023ec                Roll::Roll(int, int)
                0x00000000080023ec                Roll::Roll(int, int)
 .text._ZN4Roll9set_sidesEi
                0x0000000008002420       0x1c Core/Eval/Expression.o
                0x0000000008002420                Roll::set_sides(int)
 .text._ZN4Roll9get_sidesEv
                0x000000000800243c       0x18 Core/Eval/Expression.o
                0x000000000800243c                Roll::get_sides()
 .text._ZN4Roll9get_rollsEv
                0x0000000008002454       0x18 Core/Eval/Expression.o
                0x0000000008002454                Roll::get_rolls()
 .text._ZN6NumberC2Ev
                0x000000000800246c       0x2c Core/Eval/Expression.o
                0x000000000800246c                Number::Number()
                0x000000000800246c                Number::Number()
 .text._ZN6NumberC2Ei
                0x0000000008002498       0x2c Core/Eval/Expression.o
                0x0000000008002498                Number::Number(int)
                0x0000000008002498                Number::Number(int)
 .text._ZN6Number5valueEv
                0x00000000080024c4       0x18 Core/Eval/Expression.o
                0x00000000080024c4                Number::value()
 .text._ZN6Number8get_typeEv
                0x00000000080024dc       0x16 Core/Eval/Expression.o
                0x00000000080024dc                Number::get_type()
 .text._ZN10Expression9add_tokenER5Token
                0x00000000080024f2       0x24 Core/Eval/Expression.o
                0x00000000080024f2                Expression::add_token(Token&)
 .text._ZN10ExpressionD2Ev
                0x0000000008002516       0x64 Core/Eval/Expression.o
                0x0000000008002516                Expression::~Expression()
                0x0000000008002516                Expression::~Expression()
 .text._ZN10Expression8can_evalEv
                0x000000000800257a       0x4e Core/Eval/Expression.o
                0x000000000800257a                Expression::can_eval()
 .text._ZN10Expression21find_highest_order_opEv
                0x00000000080025c8       0x88 Core/Eval/Expression.o
                0x00000000080025c8                Expression::find_highest_order_op()
 .text._ZN10Expression4evalEv
                0x0000000008002650      0x236 Core/Eval/Expression.o
                0x0000000008002650                Expression::eval()
 .text._ZN6SymbolC2Ev
                0x0000000008002886       0x1c Core/Eval/Expression.o
                0x0000000008002886                Symbol::Symbol()
                0x0000000008002886                Symbol::Symbol()
 .text._ZN6SymbolD2Ev
                0x00000000080028a2       0x1c Core/Eval/Expression.o
                0x00000000080028a2                Symbol::~Symbol()
                0x00000000080028a2                Symbol::~Symbol()
 *fill*         0x00000000080028be        0x2 
 .text._ZN10Expression18convert_from_entryER9LineEntry
                0x00000000080028c0      0x22c Core/Eval/Expression.o
                0x00000000080028c0                Expression::convert_from_entry(LineEntry&)
 .text._ZN10Expression14write_to_entryER9LineEntry
                0x0000000008002aec      0x12c Core/Eval/Expression.o
                0x0000000008002aec                Expression::write_to_entry(LineEntry&)
 .text._ZN10Expression21write_number_to_entryEiR9LineEntry
                0x0000000008002c18       0xa0 Core/Eval/Expression.o
                0x0000000008002c18                Expression::write_number_to_entry(int, LineEntry&)
 .text._ZNSt6vectorIP5TokenSaIS1_EED2Ev
                0x0000000008002cb8       0x36 Core/Eval/Expression.o
                0x0000000008002cb8                std::vector<Token*, std::allocator<Token*> >::~vector()
                0x0000000008002cb8                std::vector<Token*, std::allocator<Token*> >::~vector()
 .text._ZSt4moveIRP5TokenEONSt16remove_referenceIT_E4typeEOS4_
                0x0000000008002cee       0x16 Core/Eval/Expression.o
                0x0000000008002cee                std::remove_reference<Token*&>::type&& std::move<Token*&>(Token*&)
 .text._ZNSt6vectorIP5TokenSaIS1_EE9push_backEOS1_
                0x0000000008002d04       0x22 Core/Eval/Expression.o
                0x0000000008002d04                std::vector<Token*, std::allocator<Token*> >::push_back(Token*&&)
 .text._ZNKSt6vectorIP5TokenSaIS1_EE4sizeEv
                0x0000000008002d26       0x22 Core/Eval/Expression.o
                0x0000000008002d26                std::vector<Token*, std::allocator<Token*> >::size() const
 .text._ZNSt6vectorIP5TokenSaIS1_EEixEj
                0x0000000008002d48       0x20 Core/Eval/Expression.o
                0x0000000008002d48                std::vector<Token*, std::allocator<Token*> >::operator[](unsigned int)
 .text._ZNSt6vectorIP5TokenSaIS1_EE5beginEv
                0x0000000008002d68       0x20 Core/Eval/Expression.o
                0x0000000008002d68                std::vector<Token*, std::allocator<Token*> >::begin()
 .text._ZNK9__gnu_cxx17__normal_iteratorIPP5TokenSt6vectorIS2_SaIS2_EEEplEi
                0x0000000008002d88       0x30 Core/Eval/Expression.o
                0x0000000008002d88                __gnu_cxx::__normal_iterator<Token**, std::vector<Token*, std::allocator<Token*> > >::operator+(int) const
 .text._ZN9__gnu_cxx17__normal_iteratorIPKP5TokenSt6vectorIS2_SaIS2_EEEC2IPS2_EERKNS0_IT_NS_11__enable_ifIXsrSt10__are_sameISB_SA_E7__valueES7_E6__typeEEE
                0x0000000008002db8       0x22 Core/Eval/Expression.o
                0x0000000008002db8                __gnu_cxx::__normal_iterator<Token* const*, std::vector<Token*, std::allocator<Token*> > >::__normal_iterator<Token**>(__gnu_cxx::__normal_iterator<Token**, __gnu_cxx::__enable_if<std::__are_same<Token**, Token**>::__value, std::vector<Token*, std::allocator<Token*> > >::__type> const&)
                0x0000000008002db8                __gnu_cxx::__normal_iterator<Token* const*, std::vector<Token*, std::allocator<Token*> > >::__normal_iterator<Token**>(__gnu_cxx::__normal_iterator<Token**, __gnu_cxx::__enable_if<std::__are_same<Token**, Token**>::__value, std::vector<Token*, std::allocator<Token*> > >::__type> const&)
 .text._ZNSt6vectorIP5TokenSaIS1_EE5eraseEN9__gnu_cxx17__normal_iteratorIPKS1_S3_EES8_
                0x0000000008002dda       0x72 Core/Eval/Expression.o
                0x0000000008002dda                std::vector<Token*, std::allocator<Token*> >::erase(__gnu_cxx::__normal_iterator<Token* const*, std::vector<Token*, std::allocator<Token*> > >, __gnu_cxx::__normal_iterator<Token* const*, std::vector<Token*, std::allocator<Token*> > >)
 .text._ZNSt6vectorIP5TokenSaIS1_EE6insertEN9__gnu_cxx17__normal_iteratorIPKS1_S3_EEOS1_
                0x0000000008002e4c       0x28 Core/Eval/Expression.o
                0x0000000008002e4c                std::vector<Token*, std::allocator<Token*> >::insert(__gnu_cxx::__normal_iterator<Token* const*, std::vector<Token*, std::allocator<Token*> > >, Token*&&)
 .text._ZNSt6vectorIP5TokenSaIS1_EE4backEv
                0x0000000008002e74       0x36 Core/Eval/Expression.o
                0x0000000008002e74                std::vector<Token*, std::allocator<Token*> >::back()
 .text._ZNSt6vectorIP5TokenSaIS1_EE5clearEv
                0x0000000008002eaa       0x1c Core/Eval/Expression.o
                0x0000000008002eaa                std::vector<Token*, std::allocator<Token*> >::clear()
 .text._ZNKSt6vectorIP5TokenSaIS1_EE5emptyEv
                0x0000000008002ec6       0x36 Core/Eval/Expression.o
                0x0000000008002ec6                std::vector<Token*, std::allocator<Token*> >::empty() const
 .text._ZNSt6vectorIP5TokenSaIS1_EE8pop_backEv
                0x0000000008002efc       0x28 Core/Eval/Expression.o
                0x0000000008002efc                std::vector<Token*, std::allocator<Token*> >::pop_back()
 .text._ZNSt12_Vector_baseIP5TokenSaIS1_EE12_Vector_implD2Ev
                0x0000000008002f24       0x18 Core/Eval/Expression.o
                0x0000000008002f24                std::_Vector_base<Token*, std::allocator<Token*> >::_Vector_impl::~_Vector_impl()
                0x0000000008002f24                std::_Vector_base<Token*, std::allocator<Token*> >::_Vector_impl::~_Vector_impl()
 .text._ZNSt12_Vector_baseIP5TokenSaIS1_EED2Ev
                0x0000000008002f3c       0x34 Core/Eval/Expression.o
                0x0000000008002f3c                std::_Vector_base<Token*, std::allocator<Token*> >::~_Vector_base()
                0x0000000008002f3c                std::_Vector_base<Token*, std::allocator<Token*> >::~_Vector_base()
 .text._ZNSt12_Vector_baseIP5TokenSaIS1_EE19_M_get_Tp_allocatorEv
                0x0000000008002f70       0x16 Core/Eval/Expression.o
                0x0000000008002f70                std::_Vector_base<Token*, std::allocator<Token*> >::_M_get_Tp_allocator()
 .text._ZSt8_DestroyIPP5TokenS1_EvT_S3_RSaIT0_E
                0x0000000008002f86       0x1c Core/Eval/Expression.o
                0x0000000008002f86                void std::_Destroy<Token**, Token*>(Token**, Token**, std::allocator<Token*>&)
 .text._ZSt7forwardIP5TokenEOT_RNSt16remove_referenceIS2_E4typeE
                0x0000000008002fa2       0x16 Core/Eval/Expression.o
                0x0000000008002fa2                Token*&& std::forward<Token*>(std::remove_reference<Token*>::type&)
 .text._ZNSt6vectorIP5TokenSaIS1_EE12emplace_backIJS1_EEEvDpOT_
                0x0000000008002fb8       0x5c Core/Eval/Expression.o
                0x0000000008002fb8                void std::vector<Token*, std::allocator<Token*> >::emplace_back<Token*>(Token*&&)
 .text._ZN9__gnu_cxx17__normal_iteratorIPP5TokenSt6vectorIS2_SaIS2_EEEC2ERKS3_
                0x0000000008003014       0x20 Core/Eval/Expression.o
                0x0000000008003014                __gnu_cxx::__normal_iterator<Token**, std::vector<Token*, std::allocator<Token*> > >::__normal_iterator(Token** const&)
                0x0000000008003014                __gnu_cxx::__normal_iterator<Token**, std::vector<Token*, std::allocator<Token*> > >::__normal_iterator(Token** const&)
 .text._ZNK9__gnu_cxx17__normal_iteratorIPP5TokenSt6vectorIS2_SaIS2_EEE4baseEv
                0x0000000008003034       0x16 Core/Eval/Expression.o
                0x0000000008003034                __gnu_cxx::__normal_iterator<Token**, std::vector<Token*, std::allocator<Token*> > >::base() const
 .text._ZNKSt6vectorIP5TokenSaIS1_EE6cbeginEv
                0x000000000800304a       0x28 Core/Eval/Expression.o
                0x000000000800304a                std::vector<Token*, std::allocator<Token*> >::cbegin() const
 .text._ZN9__gnu_cxxmiIPKP5TokenSt6vectorIS2_SaIS2_EEEENS_17__normal_iteratorIT_T0_E15difference_typeERKSB_SE_
                0x0000000008003072       0x2c Core/Eval/Expression.o
                0x0000000008003072                __gnu_cxx::__normal_iterator<Token* const*, std::vector<Token*, std::allocator<Token*> > >::difference_type __gnu_cxx::operator-<Token* const*, std::vector<Token*, std::allocator<Token*> > >(__gnu_cxx::__normal_iterator<Token* const*, std::vector<Token*, std::allocator<Token*> > > const&, __gnu_cxx::__normal_iterator<Token* const*, std::vector<Token*, std::allocator<Token*> > > const&)
 .text._ZNSt6vectorIP5TokenSaIS1_EE8_M_eraseEN9__gnu_cxx17__normal_iteratorIPS1_S3_EES7_
                0x000000000800309e       0x8e Core/Eval/Expression.o
                0x000000000800309e                std::vector<Token*, std::allocator<Token*> >::_M_erase(__gnu_cxx::__normal_iterator<Token**, std::vector<Token*, std::allocator<Token*> > >, __gnu_cxx::__normal_iterator<Token**, std::vector<Token*, std::allocator<Token*> > >)
 .text._ZNSt6vectorIP5TokenSaIS1_EE14_M_insert_rvalEN9__gnu_cxx17__normal_iteratorIPKS1_S3_EEOS1_
                0x000000000800312c       0xf4 Core/Eval/Expression.o
                0x000000000800312c                std::vector<Token*, std::allocator<Token*> >::_M_insert_rval(__gnu_cxx::__normal_iterator<Token* const*, std::vector<Token*, std::allocator<Token*> > >, Token*&&)
 .text._ZNSt6vectorIP5TokenSaIS1_EE3endEv
                0x0000000008003220       0x22 Core/Eval/Expression.o
                0x0000000008003220                std::vector<Token*, std::allocator<Token*> >::end()
 .text._ZNK9__gnu_cxx17__normal_iteratorIPP5TokenSt6vectorIS2_SaIS2_EEEmiEi
                0x0000000008003242       0x32 Core/Eval/Expression.o
                0x0000000008003242                __gnu_cxx::__normal_iterator<Token**, std::vector<Token*, std::allocator<Token*> > >::operator-(int) const
 .text._ZNK9__gnu_cxx17__normal_iteratorIPP5TokenSt6vectorIS2_SaIS2_EEEdeEv
                0x0000000008003274       0x18 Core/Eval/Expression.o
                0x0000000008003274                __gnu_cxx::__normal_iterator<Token**, std::vector<Token*, std::allocator<Token*> > >::operator*() const
 .text._ZNSt6vectorIP5TokenSaIS1_EE15_M_erase_at_endEPS1_
                0x000000000800328c       0x30 Core/Eval/Expression.o
                0x000000000800328c                std::vector<Token*, std::allocator<Token*> >::_M_erase_at_end(Token**)
 .text._ZNKSt6vectorIP5TokenSaIS1_EE5beginEv
                0x00000000080032bc       0x28 Core/Eval/Expression.o
                0x00000000080032bc                std::vector<Token*, std::allocator<Token*> >::begin() const
 .text._ZNKSt6vectorIP5TokenSaIS1_EE3endEv
                0x00000000080032e4       0x28 Core/Eval/Expression.o
                0x00000000080032e4                std::vector<Token*, std::allocator<Token*> >::end() const
 .text._ZN9__gnu_cxxeqIPKP5TokenSt6vectorIS2_SaIS2_EEEEbRKNS_17__normal_iteratorIT_T0_EESD_
                0x000000000800330c       0x30 Core/Eval/Expression.o
                0x000000000800330c                bool __gnu_cxx::operator==<Token* const*, std::vector<Token*, std::allocator<Token*> > >(__gnu_cxx::__normal_iterator<Token* const*, std::vector<Token*, std::allocator<Token*> > > const&, __gnu_cxx::__normal_iterator<Token* const*, std::vector<Token*, std::allocator<Token*> > > const&)
 .text._ZNSt16allocator_traitsISaIP5TokenEE7destroyIS1_EEvRS2_PT_
                0x000000000800333c       0x1a Core/Eval/Expression.o
                0x000000000800333c                void std::allocator_traits<std::allocator<Token*> >::destroy<Token*>(std::allocator<Token*>&, Token**)
 .text._ZNSaIP5TokenED2Ev
                0x0000000008003356       0x18 Core/Eval/Expression.o
                0x0000000008003356                std::allocator<Token*>::~allocator()
                0x0000000008003356                std::allocator<Token*>::~allocator()
 .text._ZNSt12_Vector_baseIP5TokenSaIS1_EE13_M_deallocateEPS1_j
                0x000000000800336e       0x26 Core/Eval/Expression.o
                0x000000000800336e                std::_Vector_base<Token*, std::allocator<Token*> >::_M_deallocate(Token**, unsigned int)
 .text._ZSt8_DestroyIPP5TokenEvT_S3_
                0x0000000008003394       0x1a Core/Eval/Expression.o
                0x0000000008003394                void std::_Destroy<Token**>(Token**, Token**)
 .text._ZNSt16allocator_traitsISaIP5TokenEE9constructIS1_JS1_EEEvRS2_PT_DpOT0_
                0x00000000080033ae       0x26 Core/Eval/Expression.o
                0x00000000080033ae                void std::allocator_traits<std::allocator<Token*> >::construct<Token*, Token*>(std::allocator<Token*>&, Token**, Token*&&)
 .text._ZNSt6vectorIP5TokenSaIS1_EE17_M_realloc_insertIJS1_EEEvN9__gnu_cxx17__normal_iteratorIPS1_S3_EEDpOT_
                0x00000000080033d4      0x118 Core/Eval/Expression.o
                0x00000000080033d4                void std::vector<Token*, std::allocator<Token*> >::_M_realloc_insert<Token*>(__gnu_cxx::__normal_iterator<Token**, std::vector<Token*, std::allocator<Token*> > >, Token*&&)
 .text._ZN9__gnu_cxx17__normal_iteratorIPKP5TokenSt6vectorIS2_SaIS2_EEEC2ERKS4_
                0x00000000080034ec       0x20 Core/Eval/Expression.o
                0x00000000080034ec                __gnu_cxx::__normal_iterator<Token* const*, std::vector<Token*, std::allocator<Token*> > >::__normal_iterator(Token* const* const&)
                0x00000000080034ec                __gnu_cxx::__normal_iterator<Token* const*, std::vector<Token*, std::allocator<Token*> > >::__normal_iterator(Token* const* const&)
 .text._ZNK9__gnu_cxx17__normal_iteratorIPKP5TokenSt6vectorIS2_SaIS2_EEE4baseEv
                0x000000000800350c       0x16 Core/Eval/Expression.o
                0x000000000800350c                __gnu_cxx::__normal_iterator<Token* const*, std::vector<Token*, std::allocator<Token*> > >::base() const
 .text._ZN9__gnu_cxxneIPP5TokenSt6vectorIS2_SaIS2_EEEEbRKNS_17__normal_iteratorIT_T0_EESC_
                0x0000000008003522       0x30 Core/Eval/Expression.o
                0x0000000008003522                bool __gnu_cxx::operator!=<Token**, std::vector<Token*, std::allocator<Token*> > >(__gnu_cxx::__normal_iterator<Token**, std::vector<Token*, std::allocator<Token*> > > const&, __gnu_cxx::__normal_iterator<Token**, std::vector<Token*, std::allocator<Token*> > > const&)
 .text._ZSt4moveIN9__gnu_cxx17__normal_iteratorIPP5TokenSt6vectorIS3_SaIS3_EEEES8_ET0_T_SA_S9_
                0x0000000008003552       0x30 Core/Eval/Expression.o
                0x0000000008003552                __gnu_cxx::__normal_iterator<Token**, std::vector<Token*, std::allocator<Token*> > > std::move<__gnu_cxx::__normal_iterator<Token**, std::vector<Token*, std::allocator<Token*> > >, __gnu_cxx::__normal_iterator<Token**, std::vector<Token*, std::allocator<Token*> > > >(__gnu_cxx::__normal_iterator<Token**, std::vector<Token*, std::allocator<Token*> > >, __gnu_cxx::__normal_iterator<Token**, std::vector<Token*, std::allocator<Token*> > >, __gnu_cxx::__normal_iterator<Token**, std::vector<Token*, std::allocator<Token*> > >)
 .text._ZN9__gnu_cxxmiIPP5TokenSt6vectorIS2_SaIS2_EEEENS_17__normal_iteratorIT_T0_E15difference_typeERKSA_SD_
                0x0000000008003582       0x2c Core/Eval/Expression.o
                0x0000000008003582                __gnu_cxx::__normal_iterator<Token**, std::vector<Token*, std::allocator<Token*> > >::difference_type __gnu_cxx::operator-<Token**, std::vector<Token*, std::allocator<Token*> > >(__gnu_cxx::__normal_iterator<Token**, std::vector<Token*, std::allocator<Token*> > > const&, __gnu_cxx::__normal_iterator<Token**, std::vector<Token*, std::allocator<Token*> > > const&)
 .text._ZNKSt6vectorIP5TokenSaIS1_EE4cendEv
                0x00000000080035ae       0x28 Core/Eval/Expression.o
                0x00000000080035ae                std::vector<Token*, std::allocator<Token*> >::cend() const
 .text._ZNSt6vectorIP5TokenSaIS1_EE13_M_insert_auxIS1_EEvN9__gnu_cxx17__normal_iteratorIPS1_S3_EEOT_
                0x00000000080035d6       0x76 Core/Eval/Expression.o
                0x00000000080035d6                void std::vector<Token*, std::allocator<Token*> >::_M_insert_aux<Token*>(__gnu_cxx::__normal_iterator<Token**, std::vector<Token*, std::allocator<Token*> > >, Token*&&)
 .text._ZN9__gnu_cxx13new_allocatorIP5TokenE7destroyIS2_EEvPT_
                0x000000000800364c       0x16 Core/Eval/Expression.o
                0x000000000800364c                void __gnu_cxx::new_allocator<Token*>::destroy<Token*>(Token**)
 .text._ZN9__gnu_cxx13new_allocatorIP5TokenED2Ev
                0x0000000008003662       0x16 Core/Eval/Expression.o
                0x0000000008003662                __gnu_cxx::new_allocator<Token*>::~new_allocator()
                0x0000000008003662                __gnu_cxx::new_allocator<Token*>::~new_allocator()
 .text._ZNSt16allocator_traitsISaIP5TokenEE10deallocateERS2_PS1_j
                0x0000000008003678       0x1e Core/Eval/Expression.o
                0x0000000008003678                std::allocator_traits<std::allocator<Token*> >::deallocate(std::allocator<Token*>&, Token**, unsigned int)
 .text._ZNSt12_Destroy_auxILb1EE9__destroyIPP5TokenEEvT_S5_
                0x0000000008003696       0x16 Core/Eval/Expression.o
                0x0000000008003696                void std::_Destroy_aux<true>::__destroy<Token**>(Token**, Token**)
 .text._ZN9__gnu_cxx13new_allocatorIP5TokenE9constructIS2_JS2_EEEvPT_DpOT0_
                0x00000000080036ac       0x30 Core/Eval/Expression.o
                0x00000000080036ac                void __gnu_cxx::new_allocator<Token*>::construct<Token*, Token*>(Token**, Token*&&)
 .text._ZNKSt6vectorIP5TokenSaIS1_EE12_M_check_lenEjPKc
                0x00000000080036dc       0x90 Core/Eval/Expression.o
                0x00000000080036dc                std::vector<Token*, std::allocator<Token*> >::_M_check_len(unsigned int, char const*) const
 .text._ZNSt12_Vector_baseIP5TokenSaIS1_EE11_M_allocateEj
                0x000000000800376c       0x28 Core/Eval/Expression.o
                0x000000000800376c                std::_Vector_base<Token*, std::allocator<Token*> >::_M_allocate(unsigned int)
 .text._ZSt34__uninitialized_move_if_noexcept_aIPP5TokenS2_SaIS1_EET0_T_S5_S4_RT1_
                0x0000000008003794       0x32 Core/Eval/Expression.o
                0x0000000008003794                Token** std::__uninitialized_move_if_noexcept_a<Token**, Token**, std::allocator<Token*> >(Token**, Token**, Token**, std::allocator<Token*>&)
 .text._ZSt12__miter_baseIN9__gnu_cxx17__normal_iteratorIPP5TokenSt6vectorIS3_SaIS3_EEEEET_S9_
                0x00000000080037c6       0x16 Core/Eval/Expression.o
                0x00000000080037c6                __gnu_cxx::__normal_iterator<Token**, std::vector<Token*, std::allocator<Token*> > > std::__miter_base<__gnu_cxx::__normal_iterator<Token**, std::vector<Token*, std::allocator<Token*> > > >(__gnu_cxx::__normal_iterator<Token**, std::vector<Token*, std::allocator<Token*> > >)
 .text._ZSt14__copy_move_a2ILb1EN9__gnu_cxx17__normal_iteratorIPP5TokenSt6vectorIS3_SaIS3_EEEES8_ET1_T0_SA_S9_
                0x00000000080037dc       0x4c Core/Eval/Expression.o
                0x00000000080037dc                __gnu_cxx::__normal_iterator<Token**, std::vector<Token*, std::allocator<Token*> > > std::__copy_move_a2<true, __gnu_cxx::__normal_iterator<Token**, std::vector<Token*, std::allocator<Token*> > >, __gnu_cxx::__normal_iterator<Token**, std::vector<Token*, std::allocator<Token*> > > >(__gnu_cxx::__normal_iterator<Token**, std::vector<Token*, std::allocator<Token*> > >, __gnu_cxx::__normal_iterator<Token**, std::vector<Token*, std::allocator<Token*> > >, __gnu_cxx::__normal_iterator<Token**, std::vector<Token*, std::allocator<Token*> > >)
 .text._ZSt13move_backwardIPP5TokenS2_ET0_T_S4_S3_
                0x0000000008003828       0x30 Core/Eval/Expression.o
                0x0000000008003828                Token** std::move_backward<Token**, Token**>(Token**, Token**, Token**)
 .text._ZN9__gnu_cxx13new_allocatorIP5TokenE10deallocateEPS2_j
                0x0000000008003858       0x1a Core/Eval/Expression.o
                0x0000000008003858                __gnu_cxx::new_allocator<Token*>::deallocate(Token**, unsigned int)
 .text._ZNKSt6vectorIP5TokenSaIS1_EE8max_sizeEv
                0x0000000008003872       0x22 Core/Eval/Expression.o
                0x0000000008003872                std::vector<Token*, std::allocator<Token*> >::max_size() const
 .text._ZSt3maxIjERKT_S2_S2_
                0x0000000008003894       0x28 Core/Eval/Expression.o
                0x0000000008003894                unsigned int const& std::max<unsigned int>(unsigned int const&, unsigned int const&)
 .text._ZNSt16allocator_traitsISaIP5TokenEE8allocateERS2_j
                0x00000000080038bc       0x1e Core/Eval/Expression.o
                0x00000000080038bc                std::allocator_traits<std::allocator<Token*> >::allocate(std::allocator<Token*>&, unsigned int)
 .text._ZSt32__make_move_if_noexcept_iteratorIP5TokenSt13move_iteratorIPS1_EET0_PT_
                0x00000000080038da       0x1e Core/Eval/Expression.o
                0x00000000080038da                std::move_iterator<Token**> std::__make_move_if_noexcept_iterator<Token*, std::move_iterator<Token**> >(Token**)
 .text._ZSt22__uninitialized_copy_aISt13move_iteratorIPP5TokenES3_S2_ET0_T_S6_S5_RSaIT1_E
                0x00000000080038f8       0x22 Core/Eval/Expression.o
                0x00000000080038f8                Token** std::__uninitialized_copy_a<std::move_iterator<Token**>, Token**, Token*>(std::move_iterator<Token**>, std::move_iterator<Token**>, Token**, std::allocator<Token*>&)
 .text._ZSt12__niter_baseIPP5TokenSt6vectorIS1_SaIS1_EEET_N9__gnu_cxx17__normal_iteratorIS6_T0_EE
                0x000000000800391a       0x1c Core/Eval/Expression.o
                0x000000000800391a                Token** std::__niter_base<Token**, std::vector<Token*, std::allocator<Token*> > >(__gnu_cxx::__normal_iterator<Token**, std::vector<Token*, std::allocator<Token*> > >)
 .text._ZSt13__copy_move_aILb1EPP5TokenS2_ET1_T0_S4_S3_
                0x0000000008003936       0x24 Core/Eval/Expression.o
                0x0000000008003936                Token** std::__copy_move_a<true, Token**, Token**>(Token**, Token**, Token**)
 .text._ZSt12__miter_baseIPP5TokenET_S3_
                0x000000000800395a       0x16 Core/Eval/Expression.o
                0x000000000800395a                Token** std::__miter_base<Token**>(Token**)
 .text._ZSt23__copy_move_backward_a2ILb1EPP5TokenS2_ET1_T0_S4_S3_
                0x0000000008003970       0x38 Core/Eval/Expression.o
                0x0000000008003970                Token** std::__copy_move_backward_a2<true, Token**, Token**>(Token**, Token**, Token**)
 .text._ZNSt16allocator_traitsISaIP5TokenEE8max_sizeERKS2_
                0x00000000080039a8       0x18 Core/Eval/Expression.o
                0x00000000080039a8                std::allocator_traits<std::allocator<Token*> >::max_size(std::allocator<Token*> const&)
 .text._ZNKSt12_Vector_baseIP5TokenSaIS1_EE19_M_get_Tp_allocatorEv
                0x00000000080039c0       0x16 Core/Eval/Expression.o
                0x00000000080039c0                std::_Vector_base<Token*, std::allocator<Token*> >::_M_get_Tp_allocator() const
 .text._ZN9__gnu_cxx13new_allocatorIP5TokenE8allocateEjPKv
                0x00000000080039d6       0x3c Core/Eval/Expression.o
                0x00000000080039d6                __gnu_cxx::new_allocator<Token*>::allocate(unsigned int, void const*)
 .text._ZNSt13move_iteratorIPP5TokenEC2ES2_
                0x0000000008003a12       0x1e Core/Eval/Expression.o
                0x0000000008003a12                std::move_iterator<Token**>::move_iterator(Token**)
                0x0000000008003a12                std::move_iterator<Token**>::move_iterator(Token**)
 .text._ZSt18uninitialized_copyISt13move_iteratorIPP5TokenES3_ET0_T_S6_S5_
                0x0000000008003a30       0x24 Core/Eval/Expression.o
                0x0000000008003a30                Token** std::uninitialized_copy<std::move_iterator<Token**>, Token**>(std::move_iterator<Token**>, std::move_iterator<Token**>, Token**)
 .text._ZNSt11__copy_moveILb1ELb1ESt26random_access_iterator_tagE8__copy_mIP5TokenEEPT_PKS5_S8_S6_
                0x0000000008003a54       0x3a Core/Eval/Expression.o
                0x0000000008003a54                Token** std::__copy_move<true, true, std::random_access_iterator_tag>::__copy_m<Token*>(Token* const*, Token* const*, Token**)
 .text._ZSt12__niter_baseIPP5TokenET_S3_
                0x0000000008003a8e       0x16 Core/Eval/Expression.o
                0x0000000008003a8e                Token** std::__niter_base<Token**>(Token**)
 .text._ZSt22__copy_move_backward_aILb1EPP5TokenS2_ET1_T0_S4_S3_
                0x0000000008003aa4       0x24 Core/Eval/Expression.o
                0x0000000008003aa4                Token** std::__copy_move_backward_a<true, Token**, Token**>(Token**, Token**, Token**)
 .text._ZNK9__gnu_cxx13new_allocatorIP5TokenE8max_sizeEv
                0x0000000008003ac8       0x18 Core/Eval/Expression.o
                0x0000000008003ac8                __gnu_cxx::new_allocator<Token*>::max_size() const
 .text._ZNSt20__uninitialized_copyILb1EE13__uninit_copyISt13move_iteratorIPP5TokenES5_EET0_T_S8_S7_
                0x0000000008003ae0       0x20 Core/Eval/Expression.o
                0x0000000008003ae0                Token** std::__uninitialized_copy<true>::__uninit_copy<std::move_iterator<Token**>, Token**>(std::move_iterator<Token**>, std::move_iterator<Token**>, Token**)
 .text._ZNSt20__copy_move_backwardILb1ELb1ESt26random_access_iterator_tagE13__copy_move_bIP5TokenEEPT_PKS5_S8_S6_
                0x0000000008003b00       0x44 Core/Eval/Expression.o
                0x0000000008003b00                Token** std::__copy_move_backward<true, true, std::random_access_iterator_tag>::__copy_move_b<Token*>(Token* const*, Token* const*, Token**)
 .text._ZSt4copyISt13move_iteratorIPP5TokenES3_ET0_T_S6_S5_
                0x0000000008003b44       0x30 Core/Eval/Expression.o
                0x0000000008003b44                Token** std::copy<std::move_iterator<Token**>, Token**>(std::move_iterator<Token**>, std::move_iterator<Token**>, Token**)
 .text._ZSt12__miter_baseIPP5TokenEDTcl12__miter_basecldtfp_4baseEEESt13move_iteratorIT_E
                0x0000000008003b74       0x22 Core/Eval/Expression.o
                0x0000000008003b74                decltype (__miter_base(({parm#1}.base)())) std::__miter_base<Token**>(std::move_iterator<Token**>)
 .text._ZSt14__copy_move_a2ILb1EPP5TokenS2_ET1_T0_S4_S3_
                0x0000000008003b96       0x38 Core/Eval/Expression.o
                0x0000000008003b96                Token** std::__copy_move_a2<true, Token**, Token**>(Token**, Token**, Token**)
 .text._ZNKSt13move_iteratorIPP5TokenE4baseEv
                0x0000000008003bce       0x18 Core/Eval/Expression.o
                0x0000000008003bce                std::move_iterator<Token**>::base() const
 *fill*         0x0000000008003be6        0x2 
 .text._ZN6NumberD2Ev
                0x0000000008003be8       0x24 Core/Eval/Expression.o
                0x0000000008003be8                Number::~Number()
                0x0000000008003be8                Number::~Number()
 .text._ZN6NumberD0Ev
                0x0000000008003c0c       0x20 Core/Eval/Expression.o
                0x0000000008003c0c                Number::~Number()
 .text._ZN3DivD2Ev
                0x0000000008003c2c       0x24 Core/Eval/Expression.o
                0x0000000008003c2c                Div::~Div()
                0x0000000008003c2c                Div::~Div()
 .text._ZN3DivD0Ev
                0x0000000008003c50       0x20 Core/Eval/Expression.o
                0x0000000008003c50                Div::~Div()
 .text._ZN4MultD2Ev
                0x0000000008003c70       0x24 Core/Eval/Expression.o
                0x0000000008003c70                Mult::~Mult()
                0x0000000008003c70                Mult::~Mult()
 .text._ZN4MultD0Ev
                0x0000000008003c94       0x20 Core/Eval/Expression.o
                0x0000000008003c94                Mult::~Mult()
 .text._ZN3SubD2Ev
                0x0000000008003cb4       0x24 Core/Eval/Expression.o
                0x0000000008003cb4                Sub::~Sub()
                0x0000000008003cb4                Sub::~Sub()
 .text._ZN3SubD0Ev
                0x0000000008003cd8       0x20 Core/Eval/Expression.o
                0x0000000008003cd8                Sub::~Sub()
 .text._ZN3AddD2Ev
                0x0000000008003cf8       0x24 Core/Eval/Expression.o
                0x0000000008003cf8                Add::~Add()
                0x0000000008003cf8                Add::~Add()
 .text._ZN3AddD0Ev
                0x0000000008003d1c       0x20 Core/Eval/Expression.o
                0x0000000008003d1c                Add::~Add()
 .text._ZN6Number19add_least_sig_digitEi
                0x0000000008003d3c       0x2c Core/Eval/Number.o
                0x0000000008003d3c                Number::add_least_sig_digit(int)
 .text._ZN4Roll8get_typeEv
                0x0000000008003d68       0x16 Core/Eval/Roll.o
                0x0000000008003d68                Roll::get_type()
 .text._ZN4Roll5valueEv
                0x0000000008003d7e       0x48 Core/Eval/Roll.o
                0x0000000008003d7e                Roll::value()
 *fill*         0x0000000008003dc6        0x2 
 .text._ZN4RollD2Ev
                0x0000000008003dc8       0x24 Core/Eval/Roll.o
                0x0000000008003dc8                Roll::~Roll()
                0x0000000008003dc8                Roll::~Roll()
 .text._ZN4RollD0Ev
                0x0000000008003dec       0x20 Core/Eval/Roll.o
                0x0000000008003dec                Roll::~Roll()
 .text._ZN3KeyC2Ev
                0x0000000008003e0c       0x1a Core/Keyboard/Keyboard.o
                0x0000000008003e0c                Key::Key()
                0x0000000008003e0c                Key::Key()
 .text._ZN3Key8get_typeEv
                0x0000000008003e26       0x18 Core/Keyboard/Keyboard.o
                0x0000000008003e26                Key::get_type()
 .text._ZN3KeyC2E7KeyTypeP12GPIO_TypeDeft
                0x0000000008003e3e       0x4c Core/Keyboard/Keyboard.o
                0x0000000008003e3e                Key::Key(KeyType, GPIO_TypeDef*, unsigned short)
                0x0000000008003e3e                Key::Key(KeyType, GPIO_TypeDef*, unsigned short)
 .text._ZN3Key4openEv
                0x0000000008003e8a       0x1a Core/Keyboard/Keyboard.o
                0x0000000008003e8a                Key::open()
 .text._ZN3Key7pressedEv
                0x0000000008003ea4       0x28 Core/Keyboard/Keyboard.o
                0x0000000008003ea4                Key::pressed()
 .text._ZN8KeyboardC2Ev
                0x0000000008003ecc       0xa8 Core/Keyboard/Keyboard.o
                0x0000000008003ecc                Keyboard::Keyboard()
                0x0000000008003ecc                Keyboard::Keyboard()
 .text._ZN8Keyboard4openEv
                0x0000000008003f74       0x8c Core/Keyboard/Keyboard.o
                0x0000000008003f74                Keyboard::open()
 .text._ZN8Keyboard17check_for_changesEv
                0x0000000008004000       0x98 Core/Keyboard/Keyboard.o
                0x0000000008004000                Keyboard::check_for_changes()
 .text._ZN8Keyboard9get_eventEP8KeyEvent
                0x0000000008004098       0xb6 Core/Keyboard/Keyboard.o
                0x0000000008004098                Keyboard::get_event(KeyEvent*)
 .text._ZNKSt6vectorI8KeyEventSaIS0_EE4sizeEv
                0x000000000800414e       0x22 Core/Keyboard/Keyboard.o
                0x000000000800414e                std::vector<KeyEvent, std::allocator<KeyEvent> >::size() const
 .text._ZNSt6vectorI8KeyEventSaIS0_EEC2Ev
                0x0000000008004170       0x1a Core/Keyboard/Keyboard.o
                0x0000000008004170                std::vector<KeyEvent, std::allocator<KeyEvent> >::vector()
                0x0000000008004170                std::vector<KeyEvent, std::allocator<KeyEvent> >::vector()
 .text._ZNSt6vectorI8KeyEventSaIS0_EE9push_backERKS0_
                0x000000000800418a       0x4a Core/Keyboard/Keyboard.o
                0x000000000800418a                std::vector<KeyEvent, std::allocator<KeyEvent> >::push_back(KeyEvent const&)
 .text._ZNSt6vectorI8KeyEventSaIS0_EE5frontEv
                0x00000000080041d4       0x26 Core/Keyboard/Keyboard.o
                0x00000000080041d4                std::vector<KeyEvent, std::allocator<KeyEvent> >::front()
 .text._ZNSt6vectorI8KeyEventSaIS0_EE5beginEv
                0x00000000080041fa       0x20 Core/Keyboard/Keyboard.o
                0x00000000080041fa                std::vector<KeyEvent, std::allocator<KeyEvent> >::begin()
 .text._ZNK9__gnu_cxx17__normal_iteratorIP8KeyEventSt6vectorIS1_SaIS1_EEEplEi
                0x000000000800421a       0x30 Core/Keyboard/Keyboard.o
                0x000000000800421a                __gnu_cxx::__normal_iterator<KeyEvent*, std::vector<KeyEvent, std::allocator<KeyEvent> > >::operator+(int) const
 .text._ZN9__gnu_cxx17__normal_iteratorIPK8KeyEventSt6vectorIS1_SaIS1_EEEC2IPS1_EERKNS0_IT_NS_11__enable_ifIXsrSt10__are_sameISA_S9_E7__valueES6_E6__typeEEE
                0x000000000800424a       0x22 Core/Keyboard/Keyboard.o
                0x000000000800424a                __gnu_cxx::__normal_iterator<KeyEvent const*, std::vector<KeyEvent, std::allocator<KeyEvent> > >::__normal_iterator<KeyEvent*>(__gnu_cxx::__normal_iterator<KeyEvent*, __gnu_cxx::__enable_if<std::__are_same<KeyEvent*, KeyEvent*>::__value, std::vector<KeyEvent, std::allocator<KeyEvent> > >::__type> const&)
                0x000000000800424a                __gnu_cxx::__normal_iterator<KeyEvent const*, std::vector<KeyEvent, std::allocator<KeyEvent> > >::__normal_iterator<KeyEvent*>(__gnu_cxx::__normal_iterator<KeyEvent*, __gnu_cxx::__enable_if<std::__are_same<KeyEvent*, KeyEvent*>::__value, std::vector<KeyEvent, std::allocator<KeyEvent> > >::__type> const&)
 .text._ZNSt6vectorI8KeyEventSaIS0_EE5eraseEN9__gnu_cxx17__normal_iteratorIPKS0_S2_EES7_
                0x000000000800426c       0x72 Core/Keyboard/Keyboard.o
                0x000000000800426c                std::vector<KeyEvent, std::allocator<KeyEvent> >::erase(__gnu_cxx::__normal_iterator<KeyEvent const*, std::vector<KeyEvent, std::allocator<KeyEvent> > >, __gnu_cxx::__normal_iterator<KeyEvent const*, std::vector<KeyEvent, std::allocator<KeyEvent> > >)
 .text._ZNSt12_Vector_baseI8KeyEventSaIS0_EEC2Ev
                0x00000000080042de       0x1a Core/Keyboard/Keyboard.o
                0x00000000080042de                std::_Vector_base<KeyEvent, std::allocator<KeyEvent> >::_Vector_base()
                0x00000000080042de                std::_Vector_base<KeyEvent, std::allocator<KeyEvent> >::_Vector_base()
 .text._ZNSt12_Vector_baseI8KeyEventSaIS0_EE19_M_get_Tp_allocatorEv
                0x00000000080042f8       0x16 Core/Keyboard/Keyboard.o
                0x00000000080042f8                std::_Vector_base<KeyEvent, std::allocator<KeyEvent> >::_M_get_Tp_allocator()
 .text._ZSt8_DestroyIP8KeyEventS0_EvT_S2_RSaIT0_E
                0x000000000800430e       0x1c Core/Keyboard/Keyboard.o
                0x000000000800430e                void std::_Destroy<KeyEvent*, KeyEvent>(KeyEvent*, KeyEvent*, std::allocator<KeyEvent>&)
 .text._ZSt7forwardIRK8KeyEventEOT_RNSt16remove_referenceIS3_E4typeE
                0x000000000800432a       0x16 Core/Keyboard/Keyboard.o
                0x000000000800432a                KeyEvent const& std::forward<KeyEvent const&>(std::remove_reference<KeyEvent const&>::type&)
 .text._ZNSt16allocator_traitsISaI8KeyEventEE9constructIS0_JRKS0_EEEvRS1_PT_DpOT0_
                0x0000000008004340       0x26 Core/Keyboard/Keyboard.o
                0x0000000008004340                void std::allocator_traits<std::allocator<KeyEvent> >::construct<KeyEvent, KeyEvent const&>(std::allocator<KeyEvent>&, KeyEvent*, KeyEvent const&)
 .text._ZNSt6vectorI8KeyEventSaIS0_EE3endEv
                0x0000000008004366       0x22 Core/Keyboard/Keyboard.o
                0x0000000008004366                std::vector<KeyEvent, std::allocator<KeyEvent> >::end()
 .text._ZNSt6vectorI8KeyEventSaIS0_EE17_M_realloc_insertIJRKS0_EEEvN9__gnu_cxx17__normal_iteratorIPS0_S2_EEDpOT_
                0x0000000008004388      0x118 Core/Keyboard/Keyboard.o
                0x0000000008004388                void std::vector<KeyEvent, std::allocator<KeyEvent> >::_M_realloc_insert<KeyEvent const&>(__gnu_cxx::__normal_iterator<KeyEvent*, std::vector<KeyEvent, std::allocator<KeyEvent> > >, KeyEvent const&)
 .text._ZNK9__gnu_cxx17__normal_iteratorIP8KeyEventSt6vectorIS1_SaIS1_EEEdeEv
                0x00000000080044a0       0x18 Core/Keyboard/Keyboard.o
                0x00000000080044a0                __gnu_cxx::__normal_iterator<KeyEvent*, std::vector<KeyEvent, std::allocator<KeyEvent> > >::operator*() const
 .text._ZN9__gnu_cxx17__normal_iteratorIP8KeyEventSt6vectorIS1_SaIS1_EEEC2ERKS2_
                0x00000000080044b8       0x20 Core/Keyboard/Keyboard.o
                0x00000000080044b8                __gnu_cxx::__normal_iterator<KeyEvent*, std::vector<KeyEvent, std::allocator<KeyEvent> > >::__normal_iterator(KeyEvent* const&)
                0x00000000080044b8                __gnu_cxx::__normal_iterator<KeyEvent*, std::vector<KeyEvent, std::allocator<KeyEvent> > >::__normal_iterator(KeyEvent* const&)
 .text._ZNK9__gnu_cxx17__normal_iteratorIP8KeyEventSt6vectorIS1_SaIS1_EEE4baseEv
                0x00000000080044d8       0x16 Core/Keyboard/Keyboard.o
                0x00000000080044d8                __gnu_cxx::__normal_iterator<KeyEvent*, std::vector<KeyEvent, std::allocator<KeyEvent> > >::base() const
 .text._ZNKSt6vectorI8KeyEventSaIS0_EE6cbeginEv
                0x00000000080044ee       0x28 Core/Keyboard/Keyboard.o
                0x00000000080044ee                std::vector<KeyEvent, std::allocator<KeyEvent> >::cbegin() const
 .text._ZN9__gnu_cxxmiIPK8KeyEventSt6vectorIS1_SaIS1_EEEENS_17__normal_iteratorIT_T0_E15difference_typeERKSA_SD_
                0x0000000008004516       0x2c Core/Keyboard/Keyboard.o
                0x0000000008004516                __gnu_cxx::__normal_iterator<KeyEvent const*, std::vector<KeyEvent, std::allocator<KeyEvent> > >::difference_type __gnu_cxx::operator-<KeyEvent const*, std::vector<KeyEvent, std::allocator<KeyEvent> > >(__gnu_cxx::__normal_iterator<KeyEvent const*, std::vector<KeyEvent, std::allocator<KeyEvent> > > const&, __gnu_cxx::__normal_iterator<KeyEvent const*, std::vector<KeyEvent, std::allocator<KeyEvent> > > const&)
 .text._ZNSt6vectorI8KeyEventSaIS0_EE8_M_eraseEN9__gnu_cxx17__normal_iteratorIPS0_S2_EES6_
                0x0000000008004542       0x8e Core/Keyboard/Keyboard.o
                0x0000000008004542                std::vector<KeyEvent, std::allocator<KeyEvent> >::_M_erase(__gnu_cxx::__normal_iterator<KeyEvent*, std::vector<KeyEvent, std::allocator<KeyEvent> > >, __gnu_cxx::__normal_iterator<KeyEvent*, std::vector<KeyEvent, std::allocator<KeyEvent> > >)
 .text._ZNSt12_Vector_baseI8KeyEventSaIS0_EE12_Vector_implC2Ev
                0x00000000080045d0       0x2a Core/Keyboard/Keyboard.o
                0x00000000080045d0                std::_Vector_base<KeyEvent, std::allocator<KeyEvent> >::_Vector_impl::_Vector_impl()
                0x00000000080045d0                std::_Vector_base<KeyEvent, std::allocator<KeyEvent> >::_Vector_impl::_Vector_impl()
 .text._ZNSt12_Vector_baseI8KeyEventSaIS0_EE13_M_deallocateEPS0_j
                0x00000000080045fa       0x26 Core/Keyboard/Keyboard.o
                0x00000000080045fa                std::_Vector_base<KeyEvent, std::allocator<KeyEvent> >::_M_deallocate(KeyEvent*, unsigned int)
 .text._ZSt8_DestroyIP8KeyEventEvT_S2_
                0x0000000008004620       0x1a Core/Keyboard/Keyboard.o
                0x0000000008004620                void std::_Destroy<KeyEvent*>(KeyEvent*, KeyEvent*)
 .text._ZN9__gnu_cxx13new_allocatorI8KeyEventE9constructIS1_JRKS1_EEEvPT_DpOT0_
                0x000000000800463a       0x34 Core/Keyboard/Keyboard.o
                0x000000000800463a                void __gnu_cxx::new_allocator<KeyEvent>::construct<KeyEvent, KeyEvent const&>(KeyEvent*, KeyEvent const&)
 .text._ZNKSt6vectorI8KeyEventSaIS0_EE12_M_check_lenEjPKc
                0x000000000800466e       0x90 Core/Keyboard/Keyboard.o
                0x000000000800466e                std::vector<KeyEvent, std::allocator<KeyEvent> >::_M_check_len(unsigned int, char const*) const
 .text._ZN9__gnu_cxxmiIP8KeyEventSt6vectorIS1_SaIS1_EEEENS_17__normal_iteratorIT_T0_E15difference_typeERKS9_SC_
                0x00000000080046fe       0x2c Core/Keyboard/Keyboard.o
                0x00000000080046fe                __gnu_cxx::__normal_iterator<KeyEvent*, std::vector<KeyEvent, std::allocator<KeyEvent> > >::difference_type __gnu_cxx::operator-<KeyEvent*, std::vector<KeyEvent, std::allocator<KeyEvent> > >(__gnu_cxx::__normal_iterator<KeyEvent*, std::vector<KeyEvent, std::allocator<KeyEvent> > > const&, __gnu_cxx::__normal_iterator<KeyEvent*, std::vector<KeyEvent, std::allocator<KeyEvent> > > const&)
 .text._ZNSt12_Vector_baseI8KeyEventSaIS0_EE11_M_allocateEj
                0x000000000800472a       0x28 Core/Keyboard/Keyboard.o
                0x000000000800472a                std::_Vector_base<KeyEvent, std::allocator<KeyEvent> >::_M_allocate(unsigned int)
 .text._ZSt34__uninitialized_move_if_noexcept_aIP8KeyEventS1_SaIS0_EET0_T_S4_S3_RT1_
                0x0000000008004752       0x32 Core/Keyboard/Keyboard.o
                0x0000000008004752                KeyEvent* std::__uninitialized_move_if_noexcept_a<KeyEvent*, KeyEvent*, std::allocator<KeyEvent> >(KeyEvent*, KeyEvent*, KeyEvent*, std::allocator<KeyEvent>&)
 .text._ZN9__gnu_cxx17__normal_iteratorIPK8KeyEventSt6vectorIS1_SaIS1_EEEC2ERKS3_
                0x0000000008004784       0x20 Core/Keyboard/Keyboard.o
                0x0000000008004784                __gnu_cxx::__normal_iterator<KeyEvent const*, std::vector<KeyEvent, std::allocator<KeyEvent> > >::__normal_iterator(KeyEvent const* const&)
                0x0000000008004784                __gnu_cxx::__normal_iterator<KeyEvent const*, std::vector<KeyEvent, std::allocator<KeyEvent> > >::__normal_iterator(KeyEvent const* const&)
 .text._ZNK9__gnu_cxx17__normal_iteratorIPK8KeyEventSt6vectorIS1_SaIS1_EEE4baseEv
                0x00000000080047a4       0x16 Core/Keyboard/Keyboard.o
                0x00000000080047a4                __gnu_cxx::__normal_iterator<KeyEvent const*, std::vector<KeyEvent, std::allocator<KeyEvent> > >::base() const
 .text._ZN9__gnu_cxxneIP8KeyEventSt6vectorIS1_SaIS1_EEEEbRKNS_17__normal_iteratorIT_T0_EESB_
                0x00000000080047ba       0x30 Core/Keyboard/Keyboard.o
                0x00000000080047ba                bool __gnu_cxx::operator!=<KeyEvent*, std::vector<KeyEvent, std::allocator<KeyEvent> > >(__gnu_cxx::__normal_iterator<KeyEvent*, std::vector<KeyEvent, std::allocator<KeyEvent> > > const&, __gnu_cxx::__normal_iterator<KeyEvent*, std::vector<KeyEvent, std::allocator<KeyEvent> > > const&)
 .text._ZSt4moveIN9__gnu_cxx17__normal_iteratorIP8KeyEventSt6vectorIS2_SaIS2_EEEES7_ET0_T_S9_S8_
                0x00000000080047ea       0x30 Core/Keyboard/Keyboard.o
                0x00000000080047ea                __gnu_cxx::__normal_iterator<KeyEvent*, std::vector<KeyEvent, std::allocator<KeyEvent> > > std::move<__gnu_cxx::__normal_iterator<KeyEvent*, std::vector<KeyEvent, std::allocator<KeyEvent> > >, __gnu_cxx::__normal_iterator<KeyEvent*, std::vector<KeyEvent, std::allocator<KeyEvent> > > >(__gnu_cxx::__normal_iterator<KeyEvent*, std::vector<KeyEvent, std::allocator<KeyEvent> > >, __gnu_cxx::__normal_iterator<KeyEvent*, std::vector<KeyEvent, std::allocator<KeyEvent> > >, __gnu_cxx::__normal_iterator<KeyEvent*, std::vector<KeyEvent, std::allocator<KeyEvent> > >)
 .text._ZNSt6vectorI8KeyEventSaIS0_EE15_M_erase_at_endEPS0_
                0x000000000800481a       0x30 Core/Keyboard/Keyboard.o
                0x000000000800481a                std::vector<KeyEvent, std::allocator<KeyEvent> >::_M_erase_at_end(KeyEvent*)
 .text._ZNSaI8KeyEventEC2Ev
                0x000000000800484a       0x18 Core/Keyboard/Keyboard.o
                0x000000000800484a                std::allocator<KeyEvent>::allocator()
                0x000000000800484a                std::allocator<KeyEvent>::allocator()
 .text._ZNSt16allocator_traitsISaI8KeyEventEE10deallocateERS1_PS0_j
                0x0000000008004862       0x1e Core/Keyboard/Keyboard.o
                0x0000000008004862                std::allocator_traits<std::allocator<KeyEvent> >::deallocate(std::allocator<KeyEvent>&, KeyEvent*, unsigned int)
 .text._ZNSt12_Destroy_auxILb1EE9__destroyIP8KeyEventEEvT_S4_
                0x0000000008004880       0x16 Core/Keyboard/Keyboard.o
                0x0000000008004880                void std::_Destroy_aux<true>::__destroy<KeyEvent*>(KeyEvent*, KeyEvent*)
 .text._ZNKSt6vectorI8KeyEventSaIS0_EE8max_sizeEv
                0x0000000008004896       0x22 Core/Keyboard/Keyboard.o
                0x0000000008004896                std::vector<KeyEvent, std::allocator<KeyEvent> >::max_size() const
 .text._ZNSt16allocator_traitsISaI8KeyEventEE8allocateERS1_j
                0x00000000080048b8       0x1e Core/Keyboard/Keyboard.o
                0x00000000080048b8                std::allocator_traits<std::allocator<KeyEvent> >::allocate(std::allocator<KeyEvent>&, unsigned int)
 .text._ZSt32__make_move_if_noexcept_iteratorI8KeyEventSt13move_iteratorIPS0_EET0_PT_
                0x00000000080048d6       0x1e Core/Keyboard/Keyboard.o
                0x00000000080048d6                std::move_iterator<KeyEvent*> std::__make_move_if_noexcept_iterator<KeyEvent, std::move_iterator<KeyEvent*> >(KeyEvent*)
 .text._ZSt22__uninitialized_copy_aISt13move_iteratorIP8KeyEventES2_S1_ET0_T_S5_S4_RSaIT1_E
                0x00000000080048f4       0x22 Core/Keyboard/Keyboard.o
                0x00000000080048f4                KeyEvent* std::__uninitialized_copy_a<std::move_iterator<KeyEvent*>, KeyEvent*, KeyEvent>(std::move_iterator<KeyEvent*>, std::move_iterator<KeyEvent*>, KeyEvent*, std::allocator<KeyEvent>&)
 .text._ZSt12__miter_baseIN9__gnu_cxx17__normal_iteratorIP8KeyEventSt6vectorIS2_SaIS2_EEEEET_S8_
                0x0000000008004916       0x16 Core/Keyboard/Keyboard.o
                0x0000000008004916                __gnu_cxx::__normal_iterator<KeyEvent*, std::vector<KeyEvent, std::allocator<KeyEvent> > > std::__miter_base<__gnu_cxx::__normal_iterator<KeyEvent*, std::vector<KeyEvent, std::allocator<KeyEvent> > > >(__gnu_cxx::__normal_iterator<KeyEvent*, std::vector<KeyEvent, std::allocator<KeyEvent> > >)
 .text._ZSt14__copy_move_a2ILb1EN9__gnu_cxx17__normal_iteratorIP8KeyEventSt6vectorIS2_SaIS2_EEEES7_ET1_T0_S9_S8_
                0x000000000800492c       0x4c Core/Keyboard/Keyboard.o
                0x000000000800492c                __gnu_cxx::__normal_iterator<KeyEvent*, std::vector<KeyEvent, std::allocator<KeyEvent> > > std::__copy_move_a2<true, __gnu_cxx::__normal_iterator<KeyEvent*, std::vector<KeyEvent, std::allocator<KeyEvent> > >, __gnu_cxx::__normal_iterator<KeyEvent*, std::vector<KeyEvent, std::allocator<KeyEvent> > > >(__gnu_cxx::__normal_iterator<KeyEvent*, std::vector<KeyEvent, std::allocator<KeyEvent> > >, __gnu_cxx::__normal_iterator<KeyEvent*, std::vector<KeyEvent, std::allocator<KeyEvent> > >, __gnu_cxx::__normal_iterator<KeyEvent*, std::vector<KeyEvent, std::allocator<KeyEvent> > >)
 .text._ZN9__gnu_cxx13new_allocatorI8KeyEventEC2Ev
                0x0000000008004978       0x16 Core/Keyboard/Keyboard.o
                0x0000000008004978                __gnu_cxx::new_allocator<KeyEvent>::new_allocator()
                0x0000000008004978                __gnu_cxx::new_allocator<KeyEvent>::new_allocator()
 .text._ZN9__gnu_cxx13new_allocatorI8KeyEventE10deallocateEPS1_j
                0x000000000800498e       0x1a Core/Keyboard/Keyboard.o
                0x000000000800498e                __gnu_cxx::new_allocator<KeyEvent>::deallocate(KeyEvent*, unsigned int)
 .text._ZNSt16allocator_traitsISaI8KeyEventEE8max_sizeERKS1_
                0x00000000080049a8       0x18 Core/Keyboard/Keyboard.o
                0x00000000080049a8                std::allocator_traits<std::allocator<KeyEvent> >::max_size(std::allocator<KeyEvent> const&)
 .text._ZNKSt12_Vector_baseI8KeyEventSaIS0_EE19_M_get_Tp_allocatorEv
                0x00000000080049c0       0x16 Core/Keyboard/Keyboard.o
                0x00000000080049c0                std::_Vector_base<KeyEvent, std::allocator<KeyEvent> >::_M_get_Tp_allocator() const
 .text._ZN9__gnu_cxx13new_allocatorI8KeyEventE8allocateEjPKv
                0x00000000080049d6       0x3c Core/Keyboard/Keyboard.o
                0x00000000080049d6                __gnu_cxx::new_allocator<KeyEvent>::allocate(unsigned int, void const*)
 .text._ZNSt13move_iteratorIP8KeyEventEC2ES1_
                0x0000000008004a12       0x1e Core/Keyboard/Keyboard.o
                0x0000000008004a12                std::move_iterator<KeyEvent*>::move_iterator(KeyEvent*)
                0x0000000008004a12                std::move_iterator<KeyEvent*>::move_iterator(KeyEvent*)
 .text._ZSt18uninitialized_copyISt13move_iteratorIP8KeyEventES2_ET0_T_S5_S4_
                0x0000000008004a30       0x24 Core/Keyboard/Keyboard.o
                0x0000000008004a30                KeyEvent* std::uninitialized_copy<std::move_iterator<KeyEvent*>, KeyEvent*>(std::move_iterator<KeyEvent*>, std::move_iterator<KeyEvent*>, KeyEvent*)
 .text._ZSt12__niter_baseIP8KeyEventSt6vectorIS0_SaIS0_EEET_N9__gnu_cxx17__normal_iteratorIS5_T0_EE
                0x0000000008004a54       0x1c Core/Keyboard/Keyboard.o
                0x0000000008004a54                KeyEvent* std::__niter_base<KeyEvent*, std::vector<KeyEvent, std::allocator<KeyEvent> > >(__gnu_cxx::__normal_iterator<KeyEvent*, std::vector<KeyEvent, std::allocator<KeyEvent> > >)
 .text._ZSt13__copy_move_aILb1EP8KeyEventS1_ET1_T0_S3_S2_
                0x0000000008004a70       0x24 Core/Keyboard/Keyboard.o
                0x0000000008004a70                KeyEvent* std::__copy_move_a<true, KeyEvent*, KeyEvent*>(KeyEvent*, KeyEvent*, KeyEvent*)
 .text._ZNK9__gnu_cxx13new_allocatorI8KeyEventE8max_sizeEv
                0x0000000008004a94       0x18 Core/Keyboard/Keyboard.o
                0x0000000008004a94                __gnu_cxx::new_allocator<KeyEvent>::max_size() const
 .text._ZNSt20__uninitialized_copyILb1EE13__uninit_copyISt13move_iteratorIP8KeyEventES4_EET0_T_S7_S6_
                0x0000000008004aac       0x20 Core/Keyboard/Keyboard.o
                0x0000000008004aac                KeyEvent* std::__uninitialized_copy<true>::__uninit_copy<std::move_iterator<KeyEvent*>, KeyEvent*>(std::move_iterator<KeyEvent*>, std::move_iterator<KeyEvent*>, KeyEvent*)
 .text._ZNSt11__copy_moveILb1ELb1ESt26random_access_iterator_tagE8__copy_mI8KeyEventEEPT_PKS4_S7_S5_
                0x0000000008004acc       0x3a Core/Keyboard/Keyboard.o
                0x0000000008004acc                KeyEvent* std::__copy_move<true, true, std::random_access_iterator_tag>::__copy_m<KeyEvent>(KeyEvent const*, KeyEvent const*, KeyEvent*)
 .text._ZSt4copyISt13move_iteratorIP8KeyEventES2_ET0_T_S5_S4_
                0x0000000008004b06       0x30 Core/Keyboard/Keyboard.o
                0x0000000008004b06                KeyEvent* std::copy<std::move_iterator<KeyEvent*>, KeyEvent*>(std::move_iterator<KeyEvent*>, std::move_iterator<KeyEvent*>, KeyEvent*)
 .text._ZSt12__miter_baseIP8KeyEventEDTcl12__miter_basecldtfp_4baseEEESt13move_iteratorIT_E
                0x0000000008004b36       0x22 Core/Keyboard/Keyboard.o
                0x0000000008004b36                decltype (__miter_base(({parm#1}.base)())) std::__miter_base<KeyEvent*>(std::move_iterator<KeyEvent*>)
 .text._ZSt14__copy_move_a2ILb1EP8KeyEventS1_ET1_T0_S3_S2_
                0x0000000008004b58       0x38 Core/Keyboard/Keyboard.o
                0x0000000008004b58                KeyEvent* std::__copy_move_a2<true, KeyEvent*, KeyEvent*>(KeyEvent*, KeyEvent*, KeyEvent*)
 .text._ZNKSt13move_iteratorIP8KeyEventE4baseEv
                0x0000000008004b90       0x18 Core/Keyboard/Keyboard.o
                0x0000000008004b90                std::move_iterator<KeyEvent*>::base() const
 .text._ZSt12__miter_baseIP8KeyEventET_S2_
                0x0000000008004ba8       0x16 Core/Keyboard/Keyboard.o
                0x0000000008004ba8                KeyEvent* std::__miter_base<KeyEvent*>(KeyEvent*)
 .text._ZSt12__niter_baseIP8KeyEventET_S2_
                0x0000000008004bbe       0x16 Core/Keyboard/Keyboard.o
                0x0000000008004bbe                KeyEvent* std::__niter_base<KeyEvent*>(KeyEvent*)
 .text.KeyExpansion
                0x0000000008004bd4      0x1d8 Core/RNG/Aes.o
 .text.AES_init_ctx
                0x0000000008004dac       0x1c Core/RNG/Aes.o
                0x0000000008004dac                AES_init_ctx
 .text.AddRoundKey
                0x0000000008004dc8       0x76 Core/RNG/Aes.o
 *fill*         0x0000000008004e3e        0x2 
 .text.SubBytes
                0x0000000008004e40       0x60 Core/RNG/Aes.o
 .text.ShiftRows
                0x0000000008004ea0       0x84 Core/RNG/Aes.o
 .text.xtime    0x0000000008004f24       0x3c Core/RNG/Aes.o
 .text.MixColumns
                0x0000000008004f60      0x168 Core/RNG/Aes.o
 .text.Cipher   0x00000000080050c8       0x66 Core/RNG/Aes.o
 .text.AES_ECB_encrypt
                0x000000000800512e       0x1c Core/RNG/Aes.o
                0x000000000800512e                AES_ECB_encrypt
 .text._ZN7Entropy9num_sampsEv
                0x000000000800514a       0x1a Core/RNG/Entropy.o
                0x000000000800514a                Entropy::num_samps()
 .text._ZN7EntropyC2Ev
                0x0000000008005164       0x98 Core/RNG/Entropy.o
                0x0000000008005164                Entropy::Entropy()
                0x0000000008005164                Entropy::Entropy()
 .text._ZN7Entropy12interrupt_cbEv
                0x00000000080051fc       0x58 Core/RNG/Entropy.o
                0x00000000080051fc                Entropy::interrupt_cb()
 .text._ZN7Entropy11clear_sampsEv
                0x0000000008005254       0x3a Core/RNG/Entropy.o
                0x0000000008005254                Entropy::clear_samps()
 .text._ZN7Entropy4openEv
                0x000000000800528e       0x28 Core/RNG/Entropy.o
                0x000000000800528e                Entropy::open()
 .text._ZN7Entropy14add_new_sampleEh
                0x00000000080052b6       0x78 Core/RNG/Entropy.o
                0x00000000080052b6                Entropy::add_new_sample(unsigned char)
 .text._ZN7Entropy6sampleEv
                0x000000000800532e       0x28 Core/RNG/Entropy.o
                0x000000000800532e                Entropy::sample()
 .text._ZN4PrngC2Ev
                0x0000000008005356       0x32 Core/RNG/Prng.o
                0x0000000008005356                Prng::Prng()
                0x0000000008005356                Prng::Prng()
 .text._ZN4Prng12get_instanceEv
                0x0000000008005388       0x50 Core/RNG/Prng.o
                0x0000000008005388                Prng::get_instance()
 .text._ZN4Prng8set_seedEPh
                0x00000000080053d8       0x2c Core/RNG/Prng.o
                0x00000000080053d8                Prng::set_seed(unsigned char*)
 .text._ZN4Prng9next_randEPh
                0x0000000008005404       0x32 Core/RNG/Prng.o
                0x0000000008005404                Prng::next_rand(unsigned char*)
 .text._ZN4Prng17increment_counterEv
                0x0000000008005436       0x48 Core/RNG/Prng.o
                0x0000000008005436                Prng::increment_counter()
 .text._ZN4Prng8rand_intEii
                0x000000000800547e      0x126 Core/RNG/Prng.o
                0x000000000800547e                Prng::rand_int(int, int)
 .text._ZN17ExpressionDisplayC2Ev
                0x00000000080055a4       0x1a Core/Src/main.o
                0x00000000080055a4                ExpressionDisplay::ExpressionDisplay()
                0x00000000080055a4                ExpressionDisplay::ExpressionDisplay()
 *fill*         0x00000000080055be        0x2 
 .text.entropy_cb
                0x00000000080055c0       0x14 Core/Src/main.o
                0x00000000080055c0                entropy_cb
 .text.keyboard_cb
                0x00000000080055d4       0x14 Core/Src/main.o
                0x00000000080055d4                keyboard_cb
 .text._ZN17ExpressionDisplayD2Ev
                0x00000000080055e8       0x1a Core/Src/main.o
                0x00000000080055e8                ExpressionDisplay::~ExpressionDisplay()
                0x00000000080055e8                ExpressionDisplay::~ExpressionDisplay()
 .text._ZN17ExpressionDisplayaSEOS_
                0x0000000008005602       0x20 Core/Src/main.o
                0x0000000008005602                ExpressionDisplay::operator=(ExpressionDisplay&&)
 .text._ZN8KeyboardD2Ev
                0x0000000008005622       0x1e Core/Src/main.o
                0x0000000008005622                Keyboard::~Keyboard()
                0x0000000008005622                Keyboard::~Keyboard()
 .text._ZN8KeyboardaSEOS_
                0x0000000008005640       0x72 Core/Src/main.o
                0x0000000008005640                Keyboard::operator=(Keyboard&&)
 *fill*         0x00000000080056b2        0x2 
 .text.main     0x00000000080056b4      0x19c Core/Src/main.o
                0x00000000080056b4                main
 .text.Error_Handler
                0x0000000008005850        0x8 Core/Src/main.o
                0x0000000008005850                Error_Handler
 .text._ZNSt6vectorIP9LineEntrySaIS1_EEC2Ev
                0x0000000008005858       0x1a Core/Src/main.o
                0x0000000008005858                std::vector<LineEntry*, std::allocator<LineEntry*> >::vector()
                0x0000000008005858                std::vector<LineEntry*, std::allocator<LineEntry*> >::vector()
 .text._ZNSt6vectorIP9LineEntrySaIS1_EED2Ev
                0x0000000008005872       0x36 Core/Src/main.o
                0x0000000008005872                std::vector<LineEntry*, std::allocator<LineEntry*> >::~vector()
                0x0000000008005872                std::vector<LineEntry*, std::allocator<LineEntry*> >::~vector()
 .text._ZSt4moveIRSt6vectorIP9LineEntrySaIS2_EEEONSt16remove_referenceIT_E4typeEOS7_
                0x00000000080058a8       0x16 Core/Src/main.o
                0x00000000080058a8                std::remove_reference<std::vector<LineEntry*, std::allocator<LineEntry*> >&>::type&& std::move<std::vector<LineEntry*, std::allocator<LineEntry*> >&>(std::vector<LineEntry*, std::allocator<LineEntry*> >&)
 .text._ZNSt6vectorIP9LineEntrySaIS1_EEaSEOS3_
                0x00000000080058be       0x2a Core/Src/main.o
                0x00000000080058be                std::vector<LineEntry*, std::allocator<LineEntry*> >::operator=(std::vector<LineEntry*, std::allocator<LineEntry*> >&&)
 .text._ZNSt6vectorI8KeyEventSaIS0_EED2Ev
                0x00000000080058e8       0x36 Core/Src/main.o
                0x00000000080058e8                std::vector<KeyEvent, std::allocator<KeyEvent> >::~vector()
                0x00000000080058e8                std::vector<KeyEvent, std::allocator<KeyEvent> >::~vector()
 .text._ZSt4moveIRSt6vectorI8KeyEventSaIS1_EEEONSt16remove_referenceIT_E4typeEOS6_
                0x000000000800591e       0x16 Core/Src/main.o
                0x000000000800591e                std::remove_reference<std::vector<KeyEvent, std::allocator<KeyEvent> >&>::type&& std::move<std::vector<KeyEvent, std::allocator<KeyEvent> >&>(std::vector<KeyEvent, std::allocator<KeyEvent> >&)
 .text._ZNSt6vectorI8KeyEventSaIS0_EEaSEOS2_
                0x0000000008005934       0x2a Core/Src/main.o
                0x0000000008005934                std::vector<KeyEvent, std::allocator<KeyEvent> >::operator=(std::vector<KeyEvent, std::allocator<KeyEvent> >&&)
 .text._ZNSt12_Vector_baseIP9LineEntrySaIS1_EE12_Vector_implD2Ev
                0x000000000800595e       0x18 Core/Src/main.o
                0x000000000800595e                std::_Vector_base<LineEntry*, std::allocator<LineEntry*> >::_Vector_impl::~_Vector_impl()
                0x000000000800595e                std::_Vector_base<LineEntry*, std::allocator<LineEntry*> >::_Vector_impl::~_Vector_impl()
 .text._ZNSt12_Vector_baseIP9LineEntrySaIS1_EEC2Ev
                0x0000000008005976       0x1a Core/Src/main.o
                0x0000000008005976                std::_Vector_base<LineEntry*, std::allocator<LineEntry*> >::_Vector_base()
                0x0000000008005976                std::_Vector_base<LineEntry*, std::allocator<LineEntry*> >::_Vector_base()
 .text._ZNSt12_Vector_baseIP9LineEntrySaIS1_EED2Ev
                0x0000000008005990       0x34 Core/Src/main.o
                0x0000000008005990                std::_Vector_base<LineEntry*, std::allocator<LineEntry*> >::~_Vector_base()
                0x0000000008005990                std::_Vector_base<LineEntry*, std::allocator<LineEntry*> >::~_Vector_base()
 .text._ZNSt12_Vector_baseIP9LineEntrySaIS1_EE19_M_get_Tp_allocatorEv
                0x00000000080059c4       0x16 Core/Src/main.o
                0x00000000080059c4                std::_Vector_base<LineEntry*, std::allocator<LineEntry*> >::_M_get_Tp_allocator()
 .text._ZSt8_DestroyIPP9LineEntryS1_EvT_S3_RSaIT0_E
                0x00000000080059da       0x1c Core/Src/main.o
                0x00000000080059da                void std::_Destroy<LineEntry**, LineEntry*>(LineEntry**, LineEntry**, std::allocator<LineEntry*>&)
 .text._ZNSt6vectorIP9LineEntrySaIS1_EE14_M_move_assignEOS3_St17integral_constantIbLb1EE
                0x00000000080059f6       0x7c Core/Src/main.o
                0x00000000080059f6                std::vector<LineEntry*, std::allocator<LineEntry*> >::_M_move_assign(std::vector<LineEntry*, std::allocator<LineEntry*> >&&, std::integral_constant<bool, true>)
 .text._ZNSt12_Vector_baseI8KeyEventSaIS0_EE12_Vector_implD2Ev
                0x0000000008005a72       0x18 Core/Src/main.o
                0x0000000008005a72                std::_Vector_base<KeyEvent, std::allocator<KeyEvent> >::_Vector_impl::~_Vector_impl()
                0x0000000008005a72                std::_Vector_base<KeyEvent, std::allocator<KeyEvent> >::_Vector_impl::~_Vector_impl()
 .text._ZNSt12_Vector_baseI8KeyEventSaIS0_EED2Ev
                0x0000000008005a8a       0x34 Core/Src/main.o
                0x0000000008005a8a                std::_Vector_base<KeyEvent, std::allocator<KeyEvent> >::~_Vector_base()
                0x0000000008005a8a                std::_Vector_base<KeyEvent, std::allocator<KeyEvent> >::~_Vector_base()
 .text._ZNSt6vectorI8KeyEventSaIS0_EE14_M_move_assignEOS2_St17integral_constantIbLb1EE
                0x0000000008005abe       0x7c Core/Src/main.o
                0x0000000008005abe                std::vector<KeyEvent, std::allocator<KeyEvent> >::_M_move_assign(std::vector<KeyEvent, std::allocator<KeyEvent> >&&, std::integral_constant<bool, true>)
 .text._ZNSt12_Vector_baseIP9LineEntrySaIS1_EE12_Vector_implC2Ev
                0x0000000008005b3a       0x2a Core/Src/main.o
                0x0000000008005b3a                std::_Vector_base<LineEntry*, std::allocator<LineEntry*> >::_Vector_impl::_Vector_impl()
                0x0000000008005b3a                std::_Vector_base<LineEntry*, std::allocator<LineEntry*> >::_Vector_impl::_Vector_impl()
 .text._ZNSaIP9LineEntryED2Ev
                0x0000000008005b64       0x18 Core/Src/main.o
                0x0000000008005b64                std::allocator<LineEntry*>::~allocator()
                0x0000000008005b64                std::allocator<LineEntry*>::~allocator()
 .text._ZNSt12_Vector_baseIP9LineEntrySaIS1_EE13_M_deallocateEPS1_j
                0x0000000008005b7c       0x26 Core/Src/main.o
                0x0000000008005b7c                std::_Vector_base<LineEntry*, std::allocator<LineEntry*> >::_M_deallocate(LineEntry**, unsigned int)
 .text._ZSt8_DestroyIPP9LineEntryEvT_S3_
                0x0000000008005ba2       0x1a Core/Src/main.o
                0x0000000008005ba2                void std::_Destroy<LineEntry**>(LineEntry**, LineEntry**)
 .text._ZNKSt12_Vector_baseIP9LineEntrySaIS1_EE13get_allocatorEv
                0x0000000008005bbc       0x22 Core/Src/main.o
                0x0000000008005bbc                std::_Vector_base<LineEntry*, std::allocator<LineEntry*> >::get_allocator() const
 .text._ZNSt6vectorIP9LineEntrySaIS1_EEC2ERKS2_
                0x0000000008005bde       0x1e Core/Src/main.o
                0x0000000008005bde                std::vector<LineEntry*, std::allocator<LineEntry*> >::vector(std::allocator<LineEntry*> const&)
                0x0000000008005bde                std::vector<LineEntry*, std::allocator<LineEntry*> >::vector(std::allocator<LineEntry*> const&)
 .text._ZNSt12_Vector_baseIP9LineEntrySaIS1_EE12_Vector_impl12_M_swap_dataERS4_
                0x0000000008005bfc       0x40 Core/Src/main.o
                0x0000000008005bfc                std::_Vector_base<LineEntry*, std::allocator<LineEntry*> >::_Vector_impl::_M_swap_data(std::_Vector_base<LineEntry*, std::allocator<LineEntry*> >::_Vector_impl&)
 .text._ZSt15__alloc_on_moveISaIP9LineEntryEEvRT_S4_
                0x0000000008005c3c       0x1c Core/Src/main.o
                0x0000000008005c3c                void std::__alloc_on_move<std::allocator<LineEntry*> >(std::allocator<LineEntry*>&, std::allocator<LineEntry*>&)
 .text._ZNSaI8KeyEventED2Ev
                0x0000000008005c58       0x18 Core/Src/main.o
                0x0000000008005c58                std::allocator<KeyEvent>::~allocator()
                0x0000000008005c58                std::allocator<KeyEvent>::~allocator()
 .text._ZNKSt12_Vector_baseI8KeyEventSaIS0_EE13get_allocatorEv
                0x0000000008005c70       0x22 Core/Src/main.o
                0x0000000008005c70                std::_Vector_base<KeyEvent, std::allocator<KeyEvent> >::get_allocator() const
 .text._ZNSt6vectorI8KeyEventSaIS0_EEC2ERKS1_
                0x0000000008005c92       0x1e Core/Src/main.o
                0x0000000008005c92                std::vector<KeyEvent, std::allocator<KeyEvent> >::vector(std::allocator<KeyEvent> const&)
                0x0000000008005c92                std::vector<KeyEvent, std::allocator<KeyEvent> >::vector(std::allocator<KeyEvent> const&)
 .text._ZNSt12_Vector_baseI8KeyEventSaIS0_EE12_Vector_impl12_M_swap_dataERS3_
                0x0000000008005cb0       0x40 Core/Src/main.o
                0x0000000008005cb0                std::_Vector_base<KeyEvent, std::allocator<KeyEvent> >::_Vector_impl::_M_swap_data(std::_Vector_base<KeyEvent, std::allocator<KeyEvent> >::_Vector_impl&)
 .text._ZSt15__alloc_on_moveISaI8KeyEventEEvRT_S3_
                0x0000000008005cf0       0x1c Core/Src/main.o
                0x0000000008005cf0                void std::__alloc_on_move<std::allocator<KeyEvent> >(std::allocator<KeyEvent>&, std::allocator<KeyEvent>&)
 .text._ZNSaIP9LineEntryEC2Ev
                0x0000000008005d0c       0x18 Core/Src/main.o
                0x0000000008005d0c                std::allocator<LineEntry*>::allocator()
                0x0000000008005d0c                std::allocator<LineEntry*>::allocator()
 .text._ZN9__gnu_cxx13new_allocatorIP9LineEntryED2Ev
                0x0000000008005d24       0x16 Core/Src/main.o
                0x0000000008005d24                __gnu_cxx::new_allocator<LineEntry*>::~new_allocator()