Image.cpp:12:1:Image::Image()	16	static
Image.cpp:27:1:Image::Image(uint16_t, uint16_t, uint16_t, uint16_t)	24	static
Image.cpp:35:6:void Image::set_size(uint16_t, uint16_t)	16	static
Image.cpp:54:6:void Image::set_rotation(uint16_t)	16	static
Image.cpp:66:6:void Image::set_mirroring(uint8_t)	16	static
Image.cpp:75:6:void Image::set_color(uint16_t)	16	static
Image.cpp:83:6:void Image::set_scale(uint8_t)	16	static
Image.cpp:91:6:void Image::set_pixel(uint16_t, uint16_t, uint16_t)	48	static
Image.cpp:171:6:void Image::clear(uint16_t)	32	static
Image.cpp:201:6:void Image::clear_window(uint16_t, uint16_t, uint16_t, uint16_t, uint16_t)	32	static
Image.cpp:210:6:void Image::draw_point(uint16_t, uint16_t, uint16_t, PointSize, PointStyle)	32	static
Image.cpp:237:6:void Image::draw_line(uint16_t, uint16_t, uint16_t, uint16_t, uint16_t, PointSize, LineStyle)	64	static
Image.cpp:286:6:void Image::draw_rect(uint16_t, uint16_t, uint16_t, uint16_t, uint16_t, PointSize, FillStyle)	48	static
Image.cpp:308:6:void Image::draw_circle(uint16_t, uint16_t, uint16_t, uint16_t, PointSize, FillStyle)	40	static
Image.cpp:367:6:void Image::draw_char(uint16_t, uint16_t, char, sFONT*, uint16_t, uint16_t)	40	static
Image.cpp:408:6:void Image::draw_string(uint16_t, uint16_t, const char*, sFONT*, uint16_t, uint16_t)	48	static
Image.cpp:439:6:void Image::draw_num(uint16_t, uint16_t, int32_t, sFONT*, uint16_t, uint16_t)	568	static
Image.cpp:468:6:void Image::draw_time(uint16_t, uint16_t, Time*, sFONT*, uint16_t, uint16_t)	56	static
Image.cpp:484:6:void Image::draw_bitmap(const unsigned char*)	24	static
Image.cpp:496:6:void Image::draw_bitmap_block(const unsigned char*, uint8_t)	32	static
Image.cpp:509:10:uint8_t* Image::get_image()	16	static
